../Core/Src/main.c:239:1:__io_putchar	16	static
../Core/Src/main.c:256:15:init_bmi08x	16	static
../Core/Src/main.c:316:15:enable_bmi08x_interrupt	16	static
../Core/Src/main.c:363:15:disable_bmi08x_interrupt	16	static
../Core/Src/main.c:401:14:lsb_to_mps2	24	static
../Core/Src/main.c:415:14:lsb_to_dps	32	static
../Core/Src/main.c:429:5:main	64	static
../Core/Src/main.c:567:6:SystemClock_Config	96	static
../Core/Src/main.c:612:13:MX_SPI2_Init	8	static
../Core/Src/main.c:652:13:MX_TIM2_Init	40	static
../Core/Src/main.c:697:13:MX_USART2_UART_Init	8	static
../Core/Src/main.c:730:13:MX_DMA_Init	16	static
../Core/Src/main.c:751:13:MX_GPIO_Init	40	static
../Core/Src/main.c:788:22:bmi08x_spi_read	24	static
../Core/Src/main.c:818:22:bmi08x_spi_write	24	static
../Core/Src/main.c:850:6:bmi08x_delay_us	16	static
../Core/Src/main.c:861:8:bmi08x_interface_init	24	static
../Core/Src/main.c:922:6:bmi08x_error_codes_print_result	16	static
../Core/Src/main.c:951:6:HAL_SPI_RxCpltCallback	16	static
../Core/Src/main.c:955:6:HAL_SPI_TxCpltCallback	16	static
../Core/Src/main.c:958:6:HAL_SPI_TxRxCpltCallback	16	static
../Core/Src/main.c:965:6:HAL_GPIO_EXTI_Callback	16	static
../Core/Src/main.c:982:6:Error_Handler	4	static,ignoring_inline_asm
