../Core/Src/main.c:230:1:__io_putchar	16	static
../Core/Src/main.c:246:15:init_bmi08x_get_data	16	static
../Core/Src/main.c:310:15:init_bmi08x_sync	16	static
../Core/Src/main.c:390:15:enable_bmi08x_interrupt	16	static
../Core/Src/main.c:437:15:disable_bmi08x_interrupt	16	static
../Core/Src/main.c:477:15:enable_bmi08x_data_synchronization_interrupt	16	static
../Core/Src/main.c:530:15:disable_bmi08x_data_synchronization_interrupt	16	static
../Core/Src/main.c:614:5:main	96	static
../Core/Src/main.c:780:6:SystemClock_Config	96	static
../Core/Src/main.c:829:13:MX_SPI1_Init	8	static
../Core/Src/main.c:869:13:MX_TIM2_Init	40	static
../Core/Src/main.c:914:13:MX_USART2_UART_Init	8	static
../Core/Src/main.c:947:13:MX_DMA_Init	16	static
../Core/Src/main.c:968:13:MX_GPIO_Init	48	static
../Core/Src/main.c:1031:14:lsb_to_mps2	32	static
../Core/Src/main.c:1044:14:lsb_to_dps	32	static
../Core/Src/main.c:1054:22:bmi08x_spi_read	24	static
../Core/Src/main.c:1084:22:bmi08x_spi_write	24	static
../Core/Src/main.c:1113:6:bmi08x_delay_us	16	static
../Core/Src/main.c:1124:8:bmi08x_interface_init	24	static
../Core/Src/main.c:1205:6:bmi08x_error_codes_print_result	16	static
../Core/Src/main.c:1236:6:HAL_SPI_RxCpltCallback	16	static
../Core/Src/main.c:1240:6:HAL_SPI_TxCpltCallback	16	static
../Core/Src/main.c:1246:6:HAL_SPI_TxRxCpltCallback	16	static
../Core/Src/main.c:1259:6:Error_Handler	4	static,ignoring_inline_asm
