../Core/Src/main.c:220:1:__io_putchar	16	static
../Core/Src/main.c:236:15:init_bmi08x_get_data	16	static
../Core/Src/main.c:299:15:init_bmi08x_sync	16	static
../Core/Src/main.c:379:15:enable_bmi08x_interrupt	16	static
../Core/Src/main.c:426:15:disable_bmi08x_interrupt	16	static
../Core/Src/main.c:466:15:enable_bmi08x_data_synchronization_interrupt	16	static
../Core/Src/main.c:519:15:disable_bmi08x_data_synchronization_interrupt	16	static
../Core/Src/main.c:603:5:main	96	static
../Core/Src/main.c:773:6:SystemClock_Config	96	static
../Core/Src/main.c:831:13:MX_SPI1_Init	8	static
../Core/Src/main.c:869:13:MX_TIM2_Init	40	static
../Core/Src/main.c:911:13:MX_USART2_UART_Init	8	static
../Core/Src/main.c:944:13:MX_GPIO_Init	48	static
../Core/Src/main.c:987:14:lsb_to_mps2	32	static
../Core/Src/main.c:1000:14:lsb_to_dps	32	static
../Core/Src/main.c:1010:22:bmi08x_spi_read	32	static
../Core/Src/main.c:1029:22:bmi08x_spi_write	32	static
../Core/Src/main.c:1049:6:bmi08x_delay_us	16	static
../Core/Src/main.c:1060:8:bmi08x_interface_init	24	static
../Core/Src/main.c:1158:6:bmi08x_error_codes_print_result	16	static
../Core/Src/main.c:1194:6:Error_Handler	4	static,ignoring_inline_asm
