Archive member included to satisfy reference by file (symbol)

c:/st/stm32cubeide_1.11.2/stm32cubeide/plugins/com.st.stm32cube.ide.mcu.externaltools.gnu-tools-for-stm32.10.3-2021.10.win32_1.0.100.202210260954/tools/bin/../lib/gcc/arm-none-eabi/10.3.1/../../../../arm-none-eabi/lib/thumb/v7e-m+fp/hard\libc_nano.a(lib_a-errno.o)
                              ./Core/Src/syscalls.o (__errno)
c:/st/stm32cubeide_1.11.2/stm32cubeide/plugins/com.st.stm32cube.ide.mcu.externaltools.gnu-tools-for-stm32.10.3-2021.10.win32_1.0.100.202210260954/tools/bin/../lib/gcc/arm-none-eabi/10.3.1/../../../../arm-none-eabi/lib/thumb/v7e-m+fp/hard\libc_nano.a(lib_a-exit.o)
                              c:/st/stm32cubeide_1.11.2/stm32cubeide/plugins/com.st.stm32cube.ide.mcu.externaltools.gnu-tools-for-stm32.10.3-2021.10.win32_1.0.100.202210260954/tools/bin/../lib/gcc/arm-none-eabi/10.3.1/../../../../arm-none-eabi/lib/thumb/v7e-m+fp/hard/crt0.o (exit)
c:/st/stm32cubeide_1.11.2/stm32cubeide/plugins/com.st.stm32cube.ide.mcu.externaltools.gnu-tools-for-stm32.10.3-2021.10.win32_1.0.100.202210260954/tools/bin/../lib/gcc/arm-none-eabi/10.3.1/../../../../arm-none-eabi/lib/thumb/v7e-m+fp/hard\libc_nano.a(lib_a-impure.o)
                              c:/st/stm32cubeide_1.11.2/stm32cubeide/plugins/com.st.stm32cube.ide.mcu.externaltools.gnu-tools-for-stm32.10.3-2021.10.win32_1.0.100.202210260954/tools/bin/../lib/gcc/arm-none-eabi/10.3.1/../../../../arm-none-eabi/lib/thumb/v7e-m+fp/hard\libc_nano.a(lib_a-exit.o) (_global_impure_ptr)
c:/st/stm32cubeide_1.11.2/stm32cubeide/plugins/com.st.stm32cube.ide.mcu.externaltools.gnu-tools-for-stm32.10.3-2021.10.win32_1.0.100.202210260954/tools/bin/../lib/gcc/arm-none-eabi/10.3.1/../../../../arm-none-eabi/lib/thumb/v7e-m+fp/hard\libc_nano.a(lib_a-init.o)
                              c:/st/stm32cubeide_1.11.2/stm32cubeide/plugins/com.st.stm32cube.ide.mcu.externaltools.gnu-tools-for-stm32.10.3-2021.10.win32_1.0.100.202210260954/tools/bin/../lib/gcc/arm-none-eabi/10.3.1/../../../../arm-none-eabi/lib/thumb/v7e-m+fp/hard/crt0.o (__libc_init_array)
c:/st/stm32cubeide_1.11.2/stm32cubeide/plugins/com.st.stm32cube.ide.mcu.externaltools.gnu-tools-for-stm32.10.3-2021.10.win32_1.0.100.202210260954/tools/bin/../lib/gcc/arm-none-eabi/10.3.1/../../../../arm-none-eabi/lib/thumb/v7e-m+fp/hard\libc_nano.a(lib_a-memset.o)
                              c:/st/stm32cubeide_1.11.2/stm32cubeide/plugins/com.st.stm32cube.ide.mcu.externaltools.gnu-tools-for-stm32.10.3-2021.10.win32_1.0.100.202210260954/tools/bin/../lib/gcc/arm-none-eabi/10.3.1/../../../../arm-none-eabi/lib/thumb/v7e-m+fp/hard/crt0.o (memset)
c:/st/stm32cubeide_1.11.2/stm32cubeide/plugins/com.st.stm32cube.ide.mcu.externaltools.gnu-tools-for-stm32.10.3-2021.10.win32_1.0.100.202210260954/tools/bin/../lib/gcc/arm-none-eabi/10.3.1/../../../../arm-none-eabi/lib/thumb/v7e-m+fp/hard\libc_nano.a(lib_a-printf.o)
                              ./Core/Src/bmi08a.o (printf)
c:/st/stm32cubeide_1.11.2/stm32cubeide/plugins/com.st.stm32cube.ide.mcu.externaltools.gnu-tools-for-stm32.10.3-2021.10.win32_1.0.100.202210260954/tools/bin/../lib/gcc/arm-none-eabi/10.3.1/../../../../arm-none-eabi/lib/thumb/v7e-m+fp/hard\libc_nano.a(lib_a-puts.o)
                              ./Core/Src/main.o (puts)
c:/st/stm32cubeide_1.11.2/stm32cubeide/plugins/com.st.stm32cube.ide.mcu.externaltools.gnu-tools-for-stm32.10.3-2021.10.win32_1.0.100.202210260954/tools/bin/../lib/gcc/arm-none-eabi/10.3.1/../../../../arm-none-eabi/lib/thumb/v7e-m+fp/hard\libc_nano.a(lib_a-wbuf.o)
                              c:/st/stm32cubeide_1.11.2/stm32cubeide/plugins/com.st.stm32cube.ide.mcu.externaltools.gnu-tools-for-stm32.10.3-2021.10.win32_1.0.100.202210260954/tools/bin/../lib/gcc/arm-none-eabi/10.3.1/../../../../arm-none-eabi/lib/thumb/v7e-m+fp/hard\libc_nano.a(lib_a-puts.o) (__swbuf_r)
c:/st/stm32cubeide_1.11.2/stm32cubeide/plugins/com.st.stm32cube.ide.mcu.externaltools.gnu-tools-for-stm32.10.3-2021.10.win32_1.0.100.202210260954/tools/bin/../lib/gcc/arm-none-eabi/10.3.1/../../../../arm-none-eabi/lib/thumb/v7e-m+fp/hard\libc_nano.a(lib_a-wsetup.o)
                              c:/st/stm32cubeide_1.11.2/stm32cubeide/plugins/com.st.stm32cube.ide.mcu.externaltools.gnu-tools-for-stm32.10.3-2021.10.win32_1.0.100.202210260954/tools/bin/../lib/gcc/arm-none-eabi/10.3.1/../../../../arm-none-eabi/lib/thumb/v7e-m+fp/hard\libc_nano.a(lib_a-puts.o) (__swsetup_r)
c:/st/stm32cubeide_1.11.2/stm32cubeide/plugins/com.st.stm32cube.ide.mcu.externaltools.gnu-tools-for-stm32.10.3-2021.10.win32_1.0.100.202210260954/tools/bin/../lib/gcc/arm-none-eabi/10.3.1/../../../../arm-none-eabi/lib/thumb/v7e-m+fp/hard\libc_nano.a(lib_a-fflush.o)
[...]
Memory Configuration

Name             Origin             Length             Attributes
RAM              0x0000000020000000 0x000000000000a000 xrw
RAM2             0x0000000010000000 0x0000000000002000 xrw
FLASH            0x0000000008000000 0x0000000000020000 xr
*default*        0x0000000000000000 0xffffffffffffffff

Linker script and memory map

LOAD c:/st/stm32cubeide_1.11.2/stm32cubeide/plugins/com.st.stm32cube.ide.mcu.externaltools.gnu-tools-for-stm32.10.3-2021.10.win32_1.0.100.202210260954/tools/bin/../lib/gcc/arm-none-eabi/10.3.1/thumb/v7e-m+fp/hard/crti.o
LOAD c:/st/stm32cubeide_1.11.2/stm32cubeide/plugins/com.st.stm32cube.ide.mcu.externaltools.gnu-tools-for-stm32.10.3-2021.10.win32_1.0.100.202210260954/tools/bin/../lib/gcc/arm-none-eabi/10.3.1/thumb/v7e-m+fp/hard/crtbegin.o
LOAD c:/st/stm32cubeide_1.11.2/stm32cubeide/plugins/com.st.stm32cube.ide.mcu.externaltools.gnu-tools-for-stm32.10.3-2021.10.win32_1.0.100.202210260954/tools/bin/../lib/gcc/arm-none-eabi/10.3.1/../../../../arm-none-eabi/lib/thumb/v7e-m+fp/hard/crt0.o
LOAD ./Core/Src/bmi08a.o
LOAD ./Core/Src/bmi08g.o
LOAD ./Core/Src/common.o
LOAD ./Core/Src/main.o
LOAD ./Core/Src/stm32l4xx_hal_msp.o
LOAD ./Core/Src/stm32l4xx_it.o
LOAD ./Core/Src/syscalls.o
LOAD ./Core/Src/sysmem.o
LOAD ./Core/Src/system_stm32l4xx.o
LOAD ./Core/Startup/startup_stm32l412rbtxp.o
LOAD ./Drivers/STM32L4xx_HAL_Driver/Src/stm32l4xx_hal.o
LOAD ./Drivers/STM32L4xx_HAL_Driver/Src/stm32l4xx_hal_cortex.o
LOAD ./Drivers/STM32L4xx_HAL_Driver/Src/stm32l4xx_hal_dma.o
LOAD ./Drivers/STM32L4xx_HAL_Driver/Src/stm32l4xx_hal_dma_ex.o
LOAD ./Drivers/STM32L4xx_HAL_Driver/Src/stm32l4xx_hal_exti.o
LOAD ./Drivers/STM32L4xx_HAL_Driver/Src/stm32l4xx_hal_flash.o
LOAD ./Drivers/STM32L4xx_HAL_Driver/Src/stm32l4xx_hal_flash_ex.o
LOAD ./Drivers/STM32L4xx_HAL_Driver/Src/stm32l4xx_hal_flash_ramfunc.o
LOAD ./Drivers/STM32L4xx_HAL_Driver/Src/stm32l4xx_hal_gpio.o
LOAD ./Drivers/STM32L4xx_HAL_Driver/Src/stm32l4xx_hal_i2c.o
LOAD ./Drivers/STM32L4xx_HAL_Driver/Src/stm32l4xx_hal_i2c_ex.o
LOAD ./Drivers/STM32L4xx_HAL_Driver/Src/stm32l4xx_hal_pwr.o
LOAD ./Drivers/STM32L4xx_HAL_Driver/Src/stm32l4xx_hal_pwr_ex.o
LOAD ./Drivers/STM32L4xx_HAL_Driver/Src/stm32l4xx_hal_rcc.o
LOAD ./Drivers/STM32L4xx_HAL_Driver/Src/stm32l4xx_hal_rcc_ex.o
LOAD ./Drivers/STM32L4xx_HAL_Driver/Src/stm32l4xx_hal_spi.o
LOAD ./Drivers/STM32L4xx_HAL_Driver/Src/stm32l4xx_hal_spi_ex.o
LOAD ./Drivers/STM32L4xx_HAL_Driver/Src/stm32l4xx_hal_tim.o
LOAD ./Drivers/STM32L4xx_HAL_Driver/Src/stm32l4xx_hal_tim_ex.o
LOAD ./Drivers/STM32L4xx_HAL_Driver/Src/stm32l4xx_hal_uart.o
LOAD ./Drivers/STM32L4xx_HAL_Driver/Src/stm32l4xx_hal_uart_ex.o
START GROUP
LOAD c:/st/stm32cubeide_1.11.2/stm32cubeide/plugins/com.st.stm32cube.ide.mcu.externaltools.gnu-tools-for-stm32.10.3-2021.10.win32_1.0.100.202210260954/tools/bin/../lib/gcc/arm-none-eabi/10.3.1/../../../../arm-none-eabi/lib/thumb/v7e-m+fp/hard\libc_nano.a
LOAD c:/st/stm32cubeide_1.11.2/stm32cubeide/plugins/com.st.stm32cube.ide.mcu.externaltools.gnu-tools-for-stm32.10.3-2021.10.win32_1.0.100.202210260954/tools/bin/../lib/gcc/arm-none-eabi/10.3.1/../../../../arm-none-eabi/lib/thumb/v7e-m+fp/hard\libm.a
END GROUP
START GROUP
LOAD c:/st/stm32cubeide_1.11.2/stm32cubeide/plugins/com.st.stm32cube.ide.mcu.externaltools.gnu-tools-for-stm32.10.3-2021.10.win32_1.0.100.202210260954/tools/bin/../lib/gcc/arm-none-eabi/10.3.1/thumb/v7e-m+fp/hard\libgcc.a
LOAD c:/st/stm32cubeide_1.11.2/stm32cubeide/plugins/com.st.stm32cube.ide.mcu.externaltools.gnu-tools-for-stm32.10.3-2021.10.win32_1.0.100.202210260954/tools/bin/../lib/gcc/arm-none-eabi/10.3.1/../../../../arm-none-eabi/lib/thumb/v7e-m+fp/hard\libc_nano.a
END GROUP
START GROUP
LOAD c:/st/stm32cubeide_1.11.2/stm32cubeide/plugins/com.st.stm32cube.ide.mcu.externaltools.gnu-tools-for-stm32.10.3-2021.10.win32_1.0.100.202210260954/tools/bin/../lib/gcc/arm-none-eabi/10.3.1/thumb/v7e-m+fp/hard\libgcc.a
LOAD c:/st/stm32cubeide_1.11.2/stm32cubeide/plugins/com.st.stm32cube.ide.mcu.externaltools.gnu-tools-for-stm32.10.3-2021.10.win32_1.0.100.202210260954/tools/bin/../lib/gcc/arm-none-eabi/10.3.1/../../../../arm-none-eabi/lib/thumb/v7e-m+fp/hard\libc_nano.a
LOAD c:/st/stm32cubeide_1.11.2/stm32cubeide/plugins/com.st.stm32cube.ide.mcu.externaltools.gnu-tools-for-stm32.10.3-2021.10.win32_1.0.100.202210260954/tools/bin/../lib/gcc/arm-none-eabi/10.3.1/../../../../arm-none-eabi/lib/thumb/v7e-m+fp/hard\libnosys.a
END GROUP
START GROUP
LOAD c:/st/stm32cubeide_1.11.2/stm32cubeide/plugins/com.st.stm32cube.ide.mcu.externaltools.gnu-tools-for-stm32.10.3-2021.10.win32_1.0.100.202210260954/tools/bin/../lib/gcc/arm-none-eabi/10.3.1/thumb/v7e-m+fp/hard\libgcc.a
LOAD c:/st/stm32cubeide_1.11.2/stm32cubeide/plugins/com.st.stm32cube.ide.mcu.externaltools.gnu-tools-for-stm32.10.3-2021.10.win32_1.0.100.202210260954/tools/bin/../lib/gcc/arm-none-eabi/10.3.1/../../../../arm-none-eabi/lib/thumb/v7e-m+fp/hard\libc_nano.a
LOAD c:/st/stm32cubeide_1.11.2/stm32cubeide/plugins/com.st.stm32cube.ide.mcu.externaltools.gnu-tools-for-stm32.10.3-2021.10.win32_1.0.100.202210260954/tools/bin/../lib/gcc/arm-none-eabi/10.3.1/../../../../arm-none-eabi/lib/thumb/v7e-m+fp/hard\libnosys.a
END GROUP
LOAD c:/st/stm32cubeide_1.11.2/stm32cubeide/plugins/com.st.stm32cube.ide.mcu.externaltools.gnu-tools-for-stm32.10.3-2021.10.win32_1.0.100.202210260954/tools/bin/../lib/gcc/arm-none-eabi/10.3.1/thumb/v7e-m+fp/hard/crtend.o
LOAD c:/st/stm32cubeide_1.11.2/stm32cubeide/plugins/com.st.stm32cube.ide.mcu.externaltools.gnu-tools-for-stm32.10.3-2021.10.win32_1.0.100.202210260954/tools/bin/../lib/gcc/arm-none-eabi/10.3.1/thumb/v7e-m+fp/hard/crtn.o
                0x000000002000a000                _estack = (ORIGIN (RAM) + LENGTH (RAM))
                0x0000000000000200                _Min_Heap_Size = 0x200
                0x0000000000000400                _Min_Stack_Size = 0x400

.isr_vector     0x0000000008000000      0x18c
                0x0000000008000000                . = ALIGN (0x4)
 *(.isr_vector)
 .isr_vector    0x0000000008000000      0x18c ./Core/Startup/startup_stm32l412rbtxp.o
                0x0000000008000000                g_pfnVectors
                0x000000000800018c                . = ALIGN (0x4)

.text           0x0000000008000190     0x65a8
                0x0000000008000190                . = ALIGN (0x4)
 *(.text)
 .text          0x0000000008000190       0x40 c:/st/stm32cubeide_1.11.2/stm32cubeide/plugins/com.st.stm32cube.ide.mcu.externaltools.gnu-tools-for-stm32.10.3-2021.10.win32_1.0.100.202210260954/tools/bin/../lib/gcc/arm-none-eabi/10.3.1/thumb/v7e-m+fp/hard/crtbegin.o
 .text          0x00000000080001d0       0xa0 c:/st/stm32cubeide_1.11.2/stm32cubeide/plugins/com.st.stm32cube.ide.mcu.externaltools.gnu-tools-for-stm32.10.3-2021.10.win32_1.0.100.202210260954/tools/bin/../lib/gcc/arm-none-eabi/10.3.1/../../../../arm-none-eabi/lib/thumb/v7e-m+fp/hard\libc_nano.a(lib_a-memchr.o)
                0x00000000080001d0                memchr
 .text          0x0000000008000270       0x30 c:/st/stm32cubeide_1.11.2/stm32cubeide/plugins/com.st.stm32cube.ide.mcu.externaltools.gnu-tools-for-stm32.10.3-2021.10.win32_1.0.100.202210260954/tools/bin/../lib/gcc/arm-none-eabi/10.3.1/thumb/v7e-m+fp/hard\libgcc.a(_aeabi_uldivmod.o)
                0x0000000008000270                __aeabi_uldivmod
 .text          0x00000000080002a0      0x2d0 c:/st/stm32cubeide_1.11.2/stm32cubeide/plugins/com.st.stm32cube.ide.mcu.externaltools.gnu-tools-for-stm32.10.3-2021.10.win32_1.0.100.202210260954/tools/bin/../lib/gcc/arm-none-eabi/10.3.1/thumb/v7e-m+fp/hard\libgcc.a(_udivmoddi4.o)
                0x00000000080002a0                __udivmoddi4
 .text          0x0000000008000570        0x4 c:/st/stm32cubeide_1.11.2/stm32cubeide/plugins/com.st.stm32cube.ide.mcu.externaltools.gnu-tools-for-stm32.10.3-2021.10.win32_1.0.100.202210260954/tools/bin/../lib/gcc/arm-none-eabi/10.3.1/thumb/v7e-m+fp/hard\libgcc.a(_dvmd_tls.o)
                0x0000000008000570                __aeabi_idiv0
                0x0000000008000570                __aeabi_ldiv0
 *(.text*)
 .text.bmi08a_init
                0x0000000008000574       0xb8 ./Core/Src/bmi08a.o
                0x0000000008000574                bmi08a_init
 .text.bmi08a_get_regs
                0x000000000800062c       0x56 ./Core/Src/bmi08a.o
                0x000000000800062c                bmi08a_get_regs
 .text.bmi08a_set_regs
                0x0000000008000682       0x8c ./Core/Src/bmi08a.o
                0x0000000008000682                bmi08a_set_regs
 .text.bmi08a_set_meas_conf
                0x000000000800070e      0x11a ./Core/Src/bmi08a.o
                0x000000000800070e                bmi08a_set_meas_conf
 .text.bmi08a_set_power_mode
                0x0000000008000828       0xb2 ./Core/Src/bmi08a.o
                0x0000000008000828                bmi08a_set_power_mode
 *fill*         0x00000000080008da        0x2 
 .text.bmi08a_set_int_config
                0x00000000080008dc       0xa4 ./Core/Src/bmi08a.o
                0x00000000080008dc                bmi08a_set_int_config
 .text.null_ptr_check
                0x0000000008000980       0x48 ./Core/Src/bmi08a.o
 .text.get_regs
                0x00000000080009c8       0xa0 ./Core/Src/bmi08a.o
 .text.set_regs
                0x0000000008000a68       0x58 ./Core/Src/bmi08a.o
 .text.set_int_pin_config
                0x0000000008000ac0      0x11e ./Core/Src/bmi08a.o
 .text.set_accel_data_ready_int
                0x0000000008000bde       0xbc ./Core/Src/bmi08a.o
 .text.set_accel_sync_data_ready_int
                0x0000000008000c9a       0x8a ./Core/Src/bmi08a.o
 .text.set_accel_sync_input
                0x0000000008000d24       0x34 ./Core/Src/bmi08a.o
 .text.set_fifo_wm_int
                0x0000000008000d58       0xbc ./Core/Src/bmi08a.o
 .text.set_fifo_full_int
                0x0000000008000e14       0xba ./Core/Src/bmi08a.o
 .text.bmi08g_init
                0x0000000008000ece       0x56 ./Core/Src/bmi08g.o
                0x0000000008000ece                bmi08g_init
 .text.bmi08g_get_regs
                0x0000000008000f24       0x56 ./Core/Src/bmi08g.o
                0x0000000008000f24                bmi08g_get_regs
 .text.bmi08g_set_regs
                0x0000000008000f7a       0x94 ./Core/Src/bmi08g.o
                0x0000000008000f7a                bmi08g_set_regs
 .text.bmi08g_set_meas_conf
                0x000000000800100e       0xfc ./Core/Src/bmi08g.o
                0x000000000800100e                bmi08g_set_meas_conf
 .text.bmi08g_set_power_mode
                0x000000000800110a       0xa0 ./Core/Src/bmi08g.o
                0x000000000800110a                bmi08g_set_power_mode
 .text.bmi08g_set_int_config
                0x00000000080011aa       0x6a ./Core/Src/bmi08g.o
                0x00000000080011aa                bmi08g_set_int_config
 .text.null_ptr_check
                0x0000000008001214       0x48 ./Core/Src/bmi08g.o
 .text.get_regs
                0x000000000800125c       0x58 ./Core/Src/bmi08g.o
 .text.set_regs
                0x00000000080012b4       0xb0 ./Core/Src/bmi08g.o
 .text.set_gyro_data_ready_int
                0x0000000008001364       0xe4 ./Core/Src/bmi08g.o
 .text.set_fifo_int
                0x0000000008001448       0xec ./Core/Src/bmi08g.o
 .text.set_int_pin_config
                0x0000000008001534       0xd2 ./Core/Src/bmi08g.o
 *fill*         0x0000000008001606        0x2 
 .text.__io_putchar
                0x0000000008001608       0x24 ./Core/Src/main.o
                0x0000000008001608                __io_putchar
 .text.init_bmi08x_get_data
                0x000000000800162c      0x10c ./Core/Src/main.o
 .text.enable_bmi08x_interrupt
                0x0000000008001738       0xc0 ./Core/Src/main.o
 .text.main     0x00000000080017f8       0x7c ./Core/Src/main.o
                0x00000000080017f8                main
 .text.SystemClock_Config
                0x0000000008001874       0xa2 ./Core/Src/main.o
                0x0000000008001874                SystemClock_Config
 *fill*         0x0000000008001916        0x2 
 .text.MX_SPI1_Init
                0x0000000008001918       0x7c ./Core/Src/main.o
 .text.MX_TIM2_Init
                0x0000000008001994       0x9c ./Core/Src/main.o
 .text.MX_USART2_UART_Init
                0x0000000008001a30       0x60 ./Core/Src/main.o
 .text.MX_GPIO_Init
                0x0000000008001a90      0x140 ./Core/Src/main.o
 .text.bmi08x_spi_read
                0x0000000008001bd0       0x70 ./Core/Src/main.o
                0x0000000008001bd0                bmi08x_spi_read
 .text.bmi08x_spi_write
                0x0000000008001c40       0x70 ./Core/Src/main.o
                0x0000000008001c40                bmi08x_spi_write
 .text.bmi08x_delay_us
                0x0000000008001cb0       0x34 ./Core/Src/main.o
                0x0000000008001cb0                bmi08x_delay_us
 .text.bmi08x_interface_init
                0x0000000008001ce4       0xa4 ./Core/Src/main.o
                0x0000000008001ce4                bmi08x_interface_init
 .text.bmi08x_error_codes_print_result
                0x0000000008001d88      0x150 ./Core/Src/main.o
                0x0000000008001d88                bmi08x_error_codes_print_result
 .text.Error_Handler
                0x0000000008001ed8        0xa ./Core/Src/main.o
                0x0000000008001ed8                Error_Handler
 *fill*         0x0000000008001ee2        0x2 
 .text.HAL_MspInit
                0x0000000008001ee4       0x48 ./Core/Src/stm32l4xx_hal_msp.o
                0x0000000008001ee4                HAL_MspInit
 .text.HAL_SPI_MspInit
                0x0000000008001f2c       0x88 ./Core/Src/stm32l4xx_hal_msp.o
                0x0000000008001f2c                HAL_SPI_MspInit
 .text.HAL_TIM_Base_MspInit
                0x0000000008001fb4       0x3c ./Core/Src/stm32l4xx_hal_msp.o
                0x0000000008001fb4                HAL_TIM_Base_MspInit
 .text.HAL_UART_MspInit
                0x0000000008001ff0       0xb0 ./Core/Src/stm32l4xx_hal_msp.o
                0x0000000008001ff0                HAL_UART_MspInit
 .text.NMI_Handler
                0x00000000080020a0        0x6 ./Core/Src/stm32l4xx_it.o
                0x00000000080020a0                NMI_Handler
 .text.HardFault_Handler
                0x00000000080020a6        0x6 ./Core/Src/stm32l4xx_it.o
                0x00000000080020a6                HardFault_Handler
 .text.MemManage_Handler
                0x00000000080020ac        0x6 ./Core/Src/stm32l4xx_it.o
                0x00000000080020ac                MemManage_Handler
 .text.BusFault_Handler
                0x00000000080020b2        0x6 ./Core/Src/stm32l4xx_it.o
                0x00000000080020b2                BusFault_Handler
 .text.UsageFault_Handler
                0x00000000080020b8        0x6 ./Core/Src/stm32l4xx_it.o
                0x00000000080020b8                UsageFault_Handler
 .text.SVC_Handler
                0x00000000080020be        0xe ./Core/Src/stm32l4xx_it.o
                0x00000000080020be                SVC_Handler
 .text.DebugMon_Handler
                0x00000000080020cc        0xe ./Core/Src/stm32l4xx_it.o
                0x00000000080020cc                DebugMon_Handler
 .text.PendSV_Handler
                0x00000000080020da        0xe ./Core/Src/stm32l4xx_it.o
                0x00000000080020da                PendSV_Handler
 .text.SysTick_Handler
                0x00000000080020e8        0xc ./Core/Src/stm32l4xx_it.o
                0x00000000080020e8                SysTick_Handler
 .text._read    0x00000000080020f4       0x3a ./Core/Src/syscalls.o
                0x00000000080020f4                _read
 .text._write   0x000000000800212e       0x38 ./Core/Src/syscalls.o
                0x000000000800212e                _write
 .text._close   0x0000000008002166       0x18 ./Core/Src/syscalls.o
                0x0000000008002166                _close
 .text._fstat   0x000000000800217e       0x20 ./Core/Src/syscalls.o
                0x000000000800217e                _fstat
 .text._isatty  0x000000000800219e       0x16 ./Core/Src/syscalls.o
                0x000000000800219e                _isatty
 .text._lseek   0x00000000080021b4       0x1a ./Core/Src/syscalls.o
                0x00000000080021b4                _lseek
 *fill*         0x00000000080021ce        0x2 
 .text._sbrk    0x00000000080021d0       0x6c ./Core/Src/sysmem.o
                0x00000000080021d0                _sbrk
 .text.SystemInit
                0x000000000800223c       0x24 ./Core/Src/system_stm32l4xx.o
                0x000000000800223c                SystemInit
 .text.Reset_Handler
                0x0000000008002260       0x50 ./Core/Startup/startup_stm32l412rbtxp.o
                0x0000000008002260                Reset_Handler
 .text.Default_Handler
                0x00000000080022b0        0x2 ./Core/Startup/startup_stm32l412rbtxp.o
                0x00000000080022b0                RTC_Alarm_IRQHandler
                0x00000000080022b0                EXTI2_IRQHandler
                0x00000000080022b0                TIM1_CC_IRQHandler
                0x00000000080022b0                TSC_IRQHandler
                0x00000000080022b0                TIM6_IRQHandler
                0x00000000080022b0                TAMP_STAMP_IRQHandler
                0x00000000080022b0                EXTI3_IRQHandler
                0x00000000080022b0                LPTIM2_IRQHandler
                0x00000000080022b0                I2C3_ER_IRQHandler
                0x00000000080022b0                EXTI0_IRQHandler
                0x00000000080022b0                I2C2_EV_IRQHandler
                0x00000000080022b0                FPU_IRQHandler
                0x00000000080022b0                TIM1_UP_TIM16_IRQHandler
                0x00000000080022b0                ADC1_2_IRQHandler
                0x00000000080022b0                SPI1_IRQHandler
                0x00000000080022b0                DMA2_Channel2_IRQHandler
                0x00000000080022b0                DMA1_Channel4_IRQHandler
                0x00000000080022b0                USART3_IRQHandler
                0x00000000080022b0                DMA1_Channel7_IRQHandler
                0x00000000080022b0                DMA2_Channel1_IRQHandler
                0x00000000080022b0                QUADSPI_IRQHandler
                0x00000000080022b0                I2C1_EV_IRQHandler
                0x00000000080022b0                DMA1_Channel6_IRQHandler
                0x00000000080022b0                DMA2_Channel4_IRQHandler
                0x00000000080022b0                RCC_IRQHandler
                0x00000000080022b0                TIM1_TRG_COM_IRQHandler
                0x00000000080022b0                DMA1_Channel1_IRQHandler
                0x00000000080022b0                Default_Handler
                0x00000000080022b0                DMA2_Channel7_IRQHandler
                0x00000000080022b0                EXTI15_10_IRQHandler
                0x00000000080022b0                I2C3_EV_IRQHandler
                0x00000000080022b0                USB_IRQHandler
                0x00000000080022b0                EXTI9_5_IRQHandler
                0x00000000080022b0                RTC_WKUP_IRQHandler
                0x00000000080022b0                PVD_PVM_IRQHandler
                0x00000000080022b0                SPI2_IRQHandler
                0x00000000080022b0                DMA2_Channel5_IRQHandler
                0x00000000080022b0                CRS_IRQHandler
                0x00000000080022b0                DMA1_Channel5_IRQHandler
                0x00000000080022b0                EXTI4_IRQHandler
                0x00000000080022b0                RNG_IRQHandler
                0x00000000080022b0                DMA1_Channel3_IRQHandler
                0x00000000080022b0                COMP_IRQHandler
                0x00000000080022b0                WWDG_IRQHandler
                0x00000000080022b0                LPUART1_IRQHandler
                0x00000000080022b0                DMA2_Channel6_IRQHandler
                0x00000000080022b0                TIM2_IRQHandler
                0x00000000080022b0                EXTI1_IRQHandler
                0x00000000080022b0                USART2_IRQHandler
                0x00000000080022b0                I2C2_ER_IRQHandler
                0x00000000080022b0                DMA1_Channel2_IRQHandler
                0x00000000080022b0                FLASH_IRQHandler
                0x00000000080022b0                USART1_IRQHandler
                0x00000000080022b0                I2C1_ER_IRQHandler
                0x00000000080022b0                LPTIM1_IRQHandler
                0x00000000080022b0                DMA2_Channel3_IRQHandler
                0x00000000080022b0                TIM1_BRK_TIM15_IRQHandler
 *fill*         0x00000000080022b2        0x2 
 .text.HAL_Init
                0x00000000080022b4       0x40 ./Drivers/STM32L4xx_HAL_Driver/Src/stm32l4xx_hal.o
                0x00000000080022b4                HAL_Init
 .text.HAL_InitTick
                0x00000000080022f4       0x78 ./Drivers/STM32L4xx_HAL_Driver/Src/stm32l4xx_hal.o
                0x00000000080022f4                HAL_InitTick
 .text.HAL_IncTick
                0x000000000800236c       0x28 ./Drivers/STM32L4xx_HAL_Driver/Src/stm32l4xx_hal.o
                0x000000000800236c                HAL_IncTick
 .text.HAL_GetTick
                0x0000000008002394       0x18 ./Drivers/STM32L4xx_HAL_Driver/Src/stm32l4xx_hal.o
                0x0000000008002394                HAL_GetTick
 .text.HAL_Delay
                0x00000000080023ac       0x48 ./Drivers/STM32L4xx_HAL_Driver/Src/stm32l4xx_hal.o
                0x00000000080023ac                HAL_Delay
 .text.__NVIC_SetPriorityGrouping
                0x00000000080023f4       0x48 ./Drivers/STM32L4xx_HAL_Driver/Src/stm32l4xx_hal_cortex.o
 .text.__NVIC_GetPriorityGrouping
                0x000000000800243c       0x1c ./Drivers/STM32L4xx_HAL_Driver/Src/stm32l4xx_hal_cortex.o
 .text.__NVIC_SetPriority
                0x0000000008002458       0x54 ./Drivers/STM32L4xx_HAL_Driver/Src/stm32l4xx_hal_cortex.o
 .text.NVIC_EncodePriority
                0x00000000080024ac       0x66 ./Drivers/STM32L4xx_HAL_Driver/Src/stm32l4xx_hal_cortex.o
 *fill*         0x0000000008002512        0x2 
 .text.SysTick_Config
                0x0000000008002514       0x44 ./Drivers/STM32L4xx_HAL_Driver/Src/stm32l4xx_hal_cortex.o
 .text.HAL_NVIC_SetPriorityGrouping
                0x0000000008002558       0x16 ./Drivers/STM32L4xx_HAL_Driver/Src/stm32l4xx_hal_cortex.o
                0x0000000008002558                HAL_NVIC_SetPriorityGrouping
 .text.HAL_NVIC_SetPriority
                0x000000000800256e       0x38 ./Drivers/STM32L4xx_HAL_Driver/Src/stm32l4xx_hal_cortex.o
                0x000000000800256e                HAL_NVIC_SetPriority
 .text.HAL_SYSTICK_Config
                0x00000000080025a6       0x18 ./Drivers/STM32L4xx_HAL_Driver/Src/stm32l4xx_hal_cortex.o
                0x00000000080025a6                HAL_SYSTICK_Config
 *fill*         0x00000000080025be        0x2 
 .text.HAL_GPIO_Init
                0x00000000080025c0      0x2e4 ./Drivers/STM32L4xx_HAL_Driver/Src/stm32l4xx_hal_gpio.o
                0x00000000080025c0                HAL_GPIO_Init
 .text.HAL_GPIO_WritePin
                0x00000000080028a4       0x30 ./Drivers/STM32L4xx_HAL_Driver/Src/stm32l4xx_hal_gpio.o
                0x00000000080028a4                HAL_GPIO_WritePin
 .text.HAL_PWREx_GetVoltageRange
                0x00000000080028d4       0x1c ./Drivers/STM32L4xx_HAL_Driver/Src/stm32l4xx_hal_pwr_ex.o
                0x00000000080028d4                HAL_PWREx_GetVoltageRange
 .text.HAL_PWREx_ControlVoltageScaling
                0x00000000080028f0       0xac ./Drivers/STM32L4xx_HAL_Driver/Src/stm32l4xx_hal_pwr_ex.o
                0x00000000080028f0                HAL_PWREx_ControlVoltageScaling
 .text.HAL_RCC_OscConfig
                0x000000000800299c      0x8c4 ./Drivers/STM32L4xx_HAL_Driver/Src/stm32l4xx_hal_rcc.o
                0x000000000800299c                HAL_RCC_OscConfig
 .text.HAL_RCC_ClockConfig
                0x0000000008003260      0x200 ./Drivers/STM32L4xx_HAL_Driver/Src/stm32l4xx_hal_rcc.o
                0x0000000008003260                HAL_RCC_ClockConfig
 .text.HAL_RCC_GetSysClockFreq
                0x0000000008003460      0x118 ./Drivers/STM32L4xx_HAL_Driver/Src/stm32l4xx_hal_rcc.o
                0x0000000008003460                HAL_RCC_GetSysClockFreq
 .text.HAL_RCC_GetHCLKFreq
                0x0000000008003578       0x18 ./Drivers/STM32L4xx_HAL_Driver/Src/stm32l4xx_hal_rcc.o
                0x0000000008003578                HAL_RCC_GetHCLKFreq
 .text.HAL_RCC_GetPCLK1Freq
                0x0000000008003590       0x2c ./Drivers/STM32L4xx_HAL_Driver/Src/stm32l4xx_hal_rcc.o
                0x0000000008003590                HAL_RCC_GetPCLK1Freq
 .text.HAL_RCC_GetPCLK2Freq
                0x00000000080035bc       0x2c ./Drivers/STM32L4xx_HAL_Driver/Src/stm32l4xx_hal_rcc.o
                0x00000000080035bc                HAL_RCC_GetPCLK2Freq
 .text.RCC_SetFlashLatencyFromMSIRange
                0x00000000080035e8       0xc0 ./Drivers/STM32L4xx_HAL_Driver/Src/stm32l4xx_hal_rcc.o
 .text.HAL_RCCEx_PeriphCLKConfig
                0x00000000080036a8      0x30c ./Drivers/STM32L4xx_HAL_Driver/Src/stm32l4xx_hal_rcc_ex.o
                0x00000000080036a8                HAL_RCCEx_PeriphCLKConfig
 .text.HAL_SPI_Init
                0x00000000080039b4      0x146 ./Drivers/STM32L4xx_HAL_Driver/Src/stm32l4xx_hal_spi.o
                0x00000000080039b4                HAL_SPI_Init
 .text.HAL_SPI_Transmit
                0x0000000008003afa      0x2dc ./Drivers/STM32L4xx_HAL_Driver/Src/stm32l4xx_hal_spi.o
                0x0000000008003afa                HAL_SPI_Transmit
 .text.HAL_SPI_Receive
                0x0000000008003dd6      0x260 ./Drivers/STM32L4xx_HAL_Driver/Src/stm32l4xx_hal_spi.o
                0x0000000008003dd6                HAL_SPI_Receive
 .text.HAL_SPI_TransmitReceive
                0x0000000008004036      0x426 ./Drivers/STM32L4xx_HAL_Driver/Src/stm32l4xx_hal_spi.o
                0x0000000008004036                HAL_SPI_TransmitReceive
 .text.SPI_WaitFlagStateUntilTimeout
                0x000000000800445c      0x110 ./Drivers/STM32L4xx_HAL_Driver/Src/stm32l4xx_hal_spi.o
 .text.SPI_WaitFifoStateUntilTimeout
                0x000000000800456c      0x12c ./Drivers/STM32L4xx_HAL_Driver/Src/stm32l4xx_hal_spi.o
 .text.SPI_EndRxTransaction
                0x0000000008004698       0xb0 ./Drivers/STM32L4xx_HAL_Driver/Src/stm32l4xx_hal_spi.o
 .text.SPI_EndRxTxTransaction
                0x0000000008004748       0x8c ./Drivers/STM32L4xx_HAL_Driver/Src/stm32l4xx_hal_spi.o
 .text.HAL_TIM_Base_Init
                0x00000000080047d4       0xae ./Drivers/STM32L4xx_HAL_Driver/Src/stm32l4xx_hal_tim.o
                0x00000000080047d4                HAL_TIM_Base_Init
 .text.HAL_TIM_ConfigClockSource
                0x0000000008004882      0x192 ./Drivers/STM32L4xx_HAL_Driver/Src/stm32l4xx_hal_tim.o
                0x0000000008004882                HAL_TIM_ConfigClockSource
 .text.TIM_Base_SetConfig
                0x0000000008004a14       0xc8 ./Drivers/STM32L4xx_HAL_Driver/Src/stm32l4xx_hal_tim.o
                0x0000000008004a14                TIM_Base_SetConfig
 .text.TIM_TI1_ConfigInputStage
                0x0000000008004adc       0x5e ./Drivers/STM32L4xx_HAL_Driver/Src/stm32l4xx_hal_tim.o
 .text.TIM_TI2_ConfigInputStage
                0x0000000008004b3a       0x60 ./Drivers/STM32L4xx_HAL_Driver/Src/stm32l4xx_hal_tim.o
 .text.TIM_ITRx_SetConfig
                0x0000000008004b9a       0x36 ./Drivers/STM32L4xx_HAL_Driver/Src/stm32l4xx_hal_tim.o
 .text.TIM_ETR_SetConfig
                0x0000000008004bd0       0x40 ./Drivers/STM32L4xx_HAL_Driver/Src/stm32l4xx_hal_tim.o
                0x0000000008004bd0                TIM_ETR_SetConfig
 .text.HAL_TIMEx_MasterConfigSynchronization
                0x0000000008004c10       0xcc ./Drivers/STM32L4xx_HAL_Driver/Src/stm32l4xx_hal_tim_ex.o
                0x0000000008004c10                HAL_TIMEx_MasterConfigSynchronization
 .text.HAL_UART_Init
                0x0000000008004cdc       0x9c ./Drivers/STM32L4xx_HAL_Driver/Src/stm32l4xx_hal_uart.o
                0x0000000008004cdc                HAL_UART_Init
 .text.HAL_UART_Transmit
                0x0000000008004d78      0x128 ./Drivers/STM32L4xx_HAL_Driver/Src/stm32l4xx_hal_uart.o
                0x0000000008004d78                HAL_UART_Transmit
 .text.UART_SetConfig
                0x0000000008004ea0      0x4b4 ./Drivers/STM32L4xx_HAL_Driver/Src/stm32l4xx_hal_uart.o
                0x0000000008004ea0                UART_SetConfig
 .text.UART_AdvFeatureConfig
                0x0000000008005354      0x144 ./Drivers/STM32L4xx_HAL_Driver/Src/stm32l4xx_hal_uart.o
                0x0000000008005354                UART_AdvFeatureConfig
 .text.UART_CheckIdleState
                0x0000000008005498       0x92 ./Drivers/STM32L4xx_HAL_Driver/Src/stm32l4xx_hal_uart.o
                0x0000000008005498                UART_CheckIdleState
 .text.UART_WaitOnFlagUntilTimeout
                0x000000000800552a      0x188 ./Drivers/STM32L4xx_HAL_Driver/Src/stm32l4xx_hal_uart.o
                0x000000000800552a                UART_WaitOnFlagUntilTimeout
 *fill*         0x00000000080056b2        0x2 
 .text.__errno  0x00000000080056b4        0xc c:/st/stm32cubeide_1.11.2/stm32cubeide/plugins/com.st.stm32cube.ide.mcu.externaltools.gnu-tools-for-stm32.10.3-2021.10.win32_1.0.100.202210260954/tools/bin/../lib/gcc/arm-none-eabi/10.3.1/../../../../arm-none-eabi/lib/thumb/v7e-m+fp/hard\libc_nano.a(lib_a-errno.o)
                0x00000000080056b4                __errno
 .text.__libc_init_array
                0x00000000080056c0       0x48 c:/st/stm32cubeide_1.11.2/stm32cubeide/plugins/com.st.stm32cube.ide.mcu.externaltools.gnu-tools-for-stm32.10.3-2021.10.win32_1.0.100.202210260954/tools/bin/../lib/gcc/arm-none-eabi/10.3.1/../../../../arm-none-eabi/lib/thumb/v7e-m+fp/hard\libc_nano.a(lib_a-init.o)
                0x00000000080056c0                __libc_init_array
 .text.memset   0x0000000008005708       0x10 c:/st/stm32cubeide_1.11.2/stm32cubeide/plugins/com.st.stm32cube.ide.mcu.externaltools.gnu-tools-for-stm32.10.3-2021.10.win32_1.0.100.202210260954/tools/bin/../lib/gcc/arm-none-eabi/10.3.1/../../../../arm-none-eabi/lib/thumb/v7e-m+fp/hard\libc_nano.a(lib_a-memset.o)
                0x0000000008005708                memset
 .text.printf   0x0000000008005718       0x30 c:/st/stm32cubeide_1.11.2/stm32cubeide/plugins/com.st.stm32cube.ide.mcu.externaltools.gnu-tools-for-stm32.10.3-2021.10.win32_1.0.100.202210260954/tools/bin/../lib/gcc/arm-none-eabi/10.3.1/../../../../arm-none-eabi/lib/thumb/v7e-m+fp/hard\libc_nano.a(lib_a-printf.o)
                0x0000000008005718                iprintf
                0x0000000008005718                printf
 .text._puts_r  0x0000000008005748       0xdc c:/st/stm32cubeide_1.11.2/stm32cubeide/plugins/com.st.stm32cube.ide.mcu.externaltools.gnu-tools-for-stm32.10.3-2021.10.win32_1.0.100.202210260954/tools/bin/../lib/gcc/arm-none-eabi/10.3.1/../../../../arm-none-eabi/lib/thumb/v7e-m+fp/hard\libc_nano.a(lib_a-puts.o)
                0x0000000008005748                _puts_r
 .text.puts     0x0000000008005824       0x10 c:/st/stm32cubeide_1.11.2/stm32cubeide/plugins/com.st.stm32cube.ide.mcu.externaltools.gnu-tools-for-stm32.10.3-2021.10.win32_1.0.100.202210260954/tools/bin/../lib/gcc/arm-none-eabi/10.3.1/../../../../arm-none-eabi/lib/thumb/v7e-m+fp/hard\libc_nano.a(lib_a-puts.o)
                0x0000000008005824                puts
 .text.__swbuf_r
                0x0000000008005834       0xa4 c:/st/stm32cubeide_1.11.2/stm32cubeide/plugins/com.st.stm32cube.ide.mcu.externaltools.gnu-tools-for-stm32.10.3-2021.10.win32_1.0.100.202210260954/tools/bin/../lib/gcc/arm-none-eabi/10.3.1/../../../../arm-none-eabi/lib/thumb/v7e-m+fp/hard\libc_nano.a(lib_a-wbuf.o)
                0x0000000008005834                __swbuf_r
 .text.__swsetup_r
                0x00000000080058d8       0xdc c:/st/stm32cubeide_1.11.2/stm32cubeide/plugins/com.st.stm32cube.ide.mcu.externaltools.gnu-tools-for-stm32.10.3-2021.10.win32_1.0.100.202210260954/tools/bin/../lib/gcc/arm-none-eabi/10.3.1/../../../../arm-none-eabi/lib/thumb/v7e-m+fp/hard\libc_nano.a(lib_a-wsetup.o)
                0x00000000080058d8                __swsetup_r
 .text.__sflush_r
                0x00000000080059b4      0x10c c:/st/stm32cubeide_1.11.2/stm32cubeide/plugins/com.st.stm32cube.ide.mcu.externaltools.gnu-tools-for-stm32.10.3-2021.10.win32_1.0.100.202210260954/tools/bin/../lib/gcc/arm-none-eabi/10.3.1/../../../../arm-none-eabi/lib/thumb/v7e-m+fp/hard\libc_nano.a(lib_a-fflush.o)
                0x00000000080059b4                __sflush_r
 .text._fflush_r
                0x0000000008005ac0       0x78 c:/st/stm32cubeide_1.11.2/stm32cubeide/plugins/com.st.stm32cube.ide.mcu.externaltools.gnu-tools-for-stm32.10.3-2021.10.win32_1.0.100.202210260954/tools/bin/../lib/gcc/arm-none-eabi/10.3.1/../../../../arm-none-eabi/lib/thumb/v7e-m+fp/hard\libc_nano.a(lib_a-fflush.o)
                0x0000000008005ac0                _fflush_r
 .text.std      0x0000000008005b38       0x48 c:/st/stm32cubeide_1.11.2/stm32cubeide/plugins/com.st.stm32cube.ide.mcu.externaltools.gnu-tools-for-stm32.10.3-2021.10.win32_1.0.100.202210260954/tools/bin/../lib/gcc/arm-none-eabi/10.3.1/../../../../arm-none-eabi/lib/thumb/v7e-m+fp/hard\libc_nano.a(lib_a-findfp.o)
 .text._cleanup_r
                0x0000000008005b80        0xc c:/st/stm32cubeide_1.11.2/stm32cubeide/plugins/com.st.stm32cube.ide.mcu.externaltools.gnu-tools-for-stm32.10.3-2021.10.win32_1.0.100.202210260954/tools/bin/../lib/gcc/arm-none-eabi/10.3.1/../../../../arm-none-eabi/lib/thumb/v7e-m+fp/hard\libc_nano.a(lib_a-findfp.o)
                0x0000000008005b80                _cleanup_r
 .text.__sfmoreglue
                0x0000000008005b8c       0x2c c:/st/stm32cubeide_1.11.2/stm32cubeide/plugins/com.st.stm32cube.ide.mcu.externaltools.gnu-tools-for-stm32.10.3-2021.10.win32_1.0.100.202210260954/tools/bin/../lib/gcc/arm-none-eabi/10.3.1/../../../../arm-none-eabi/lib/thumb/v7e-m+fp/hard\libc_nano.a(lib_a-findfp.o)
                0x0000000008005b8c                __sfmoreglue
 .text.__sfp_lock_acquire
                0x0000000008005bb8        0xc c:/st/stm32cubeide_1.11.2/stm32cubeide/plugins/com.st.stm32cube.ide.mcu.externaltools.gnu-tools-for-stm32.10.3-2021.10.win32_1.0.100.202210260954/tools/bin/../lib/gcc/arm-none-eabi/10.3.1/../../../../arm-none-eabi/lib/thumb/v7e-m+fp/hard\libc_nano.a(lib_a-findfp.o)
                0x0000000008005bb8                __sfp_lock_acquire
 .text.__sfp_lock_release
                0x0000000008005bc4        0xc c:/st/stm32cubeide_1.11.2/stm32cubeide/plugins/com.st.stm32cube.ide.mcu.externaltools.gnu-tools-for-stm32.10.3-2021.10.win32_1.0.100.202210260954/tools/bin/../lib/gcc/arm-none-eabi/10.3.1/../../../../arm-none-eabi/lib/thumb/v7e-m+fp/hard\libc_nano.a(lib_a-findfp.o)
                0x0000000008005bc4                __sfp_lock_release
 .text.__sinit_lock_acquire
                0x0000000008005bd0        0xc c:/st/stm32cubeide_1.11.2/stm32cubeide/plugins/com.st.stm32cube.ide.mcu.externaltools.gnu-tools-for-stm32.10.3-2021.10.win32_1.0.100.202210260954/tools/bin/../lib/gcc/arm-none-eabi/10.3.1/../../../../arm-none-eabi/lib/thumb/v7e-m+fp/hard\libc_nano.a(lib_a-findfp.o)
                0x0000000008005bd0                __sinit_lock_acquire
 .text.__sinit_lock_release
                0x0000000008005bdc        0xc c:/st/stm32cubeide_1.11.2/stm32cubeide/plugins/com.st.stm32cube.ide.mcu.externaltools.gnu-tools-for-stm32.10.3-2021.10.win32_1.0.100.202210260954/tools/bin/../lib/gcc/arm-none-eabi/10.3.1/../../../../arm-none-eabi/lib/thumb/v7e-m+fp/hard\libc_nano.a(lib_a-findfp.o)
                0x0000000008005bdc                __sinit_lock_release
 .text.__sinit  0x0000000008005be8       0x70 c:/st/stm32cubeide_1.11.2/stm32cubeide/plugins/com.st.stm32cube.ide.mcu.externaltools.gnu-tools-for-stm32.10.3-2021.10.win32_1.0.100.202210260954/tools/bin/../lib/gcc/arm-none-eabi/10.3.1/../../../../arm-none-eabi/lib/thumb/v7e-m+fp/hard\libc_nano.a(lib_a-findfp.o)
                0x0000000008005be8                __sinit
 .text.__sfp    0x0000000008005c58       0x8c c:/st/stm32cubeide_1.11.2/stm32cubeide/plugins/com.st.stm32cube.ide.mcu.externaltools.gnu-tools-for-stm32.10.3-2021.10.win32_1.0.100.202210260954/tools/bin/../lib/gcc/arm-none-eabi/10.3.1/../../../../arm-none-eabi/lib/thumb/v7e-m+fp/hard\libc_nano.a(lib_a-findfp.o)
                0x0000000008005c58                __sfp
 .text._fwalk_reent
                0x0000000008005ce4       0x3e c:/st/stm32cubeide_1.11.2/stm32cubeide/plugins/com.st.stm32cube.ide.mcu.externaltools.gnu-tools-for-stm32.10.3-2021.10.win32_1.0.100.202210260954/tools/bin/../lib/gcc/arm-none-eabi/10.3.1/../../../../arm-none-eabi/lib/thumb/v7e-m+fp/hard\libc_nano.a(lib_a-fwalk.o)
                0x0000000008005ce4                _fwalk_reent
 .text.__retarget_lock_init_recursive
                0x0000000008005d22        0x2 c:/st/stm32cubeide_1.11.2/stm32cubeide/plugins/com.st.stm32cube.ide.mcu.externaltools.gnu-tools-for-stm32.10.3-2021.10.win32_1.0.100.202210260954/tools/bin/../lib/gcc/arm-none-eabi/10.3.1/../../../../arm-none-eabi/lib/thumb/v7e-m+fp/hard\libc_nano.a(lib_a-lock.o)
                0x0000000008005d22                __retarget_lock_init_recursive
 .text.__retarget_lock_acquire_recursive
                0x0000000008005d24        0x2 c:/st/stm32cubeide_1.11.2/stm32cubeide/plugins/com.st.stm32cube.ide.mcu.externaltools.gnu-tools-for-stm32.10.3-2021.10.win32_1.0.100.202210260954/tools/bin/../lib/gcc/arm-none-eabi/10.3.1/../../../../arm-none-eabi/lib/thumb/v7e-m+fp/hard\libc_nano.a(lib_a-lock.o)
                0x0000000008005d24                __retarget_lock_acquire_recursive
 .text.__retarget_lock_release_recursive
                0x0000000008005d26        0x2 c:/st/stm32cubeide_1.11.2/stm32cubeide/plugins/com.st.stm32cube.ide.mcu.externaltools.gnu-tools-for-stm32.10.3-2021.10.win32_1.0.100.202210260954/tools/bin/../lib/gcc/arm-none-eabi/10.3.1/../../../../arm-none-eabi/lib/thumb/v7e-m+fp/hard\libc_nano.a(lib_a-lock.o)
                0x0000000008005d26                __retarget_lock_release_recursive
 .text.__swhatbuf_r
                0x0000000008005d28       0x4a c:/st/stm32cubeide_1.11.2/stm32cubeide/plugins/com.st.stm32cube.ide.mcu.externaltools.gnu-tools-for-stm32.10.3-2021.10.win32_1.0.100.202210260954/tools/bin/../lib/gcc/arm-none-eabi/10.3.1/../../../../arm-none-eabi/lib/thumb/v7e-m+fp/hard\libc_nano.a(lib_a-makebuf.o)
                0x0000000008005d28                __swhatbuf_r
 *fill*         0x0000000008005d72        0x2 
 .text.__smakebuf_r
                0x0000000008005d74       0x80 c:/st/stm32cubeide_1.11.2/stm32cubeide/plugins/com.st.stm32cube.ide.mcu.externaltools.gnu-tools-for-stm32.10.3-2021.10.win32_1.0.100.202210260954/tools/bin/../lib/gcc/arm-none-eabi/10.3.1/../../../../arm-none-eabi/lib/thumb/v7e-m+fp/hard\libc_nano.a(lib_a-makebuf.o)
                0x0000000008005d74                __smakebuf_r
 .text._free_r  0x0000000008005df4       0x98 c:/st/stm32cubeide_1.11.2/stm32cubeide/plugins/com.st.stm32cube.ide.mcu.externaltools.gnu-tools-for-stm32.10.3-2021.10.win32_1.0.100.202210260954/tools/bin/../lib/gcc/arm-none-eabi/10.3.1/../../../../arm-none-eabi/lib/thumb/v7e-m+fp/hard\libc_nano.a(lib_a-nano-freer.o)
                0x0000000008005df4                _free_r
 .text.sbrk_aligned
                0x0000000008005e8c       0x40 c:/st/stm32cubeide_1.11.2/stm32cubeide/plugins/com.st.stm32cube.ide.mcu.externaltools.gnu-tools-for-stm32.10.3-2021.10.win32_1.0.100.202210260954/tools/bin/../lib/gcc/arm-none-eabi/10.3.1/../../../../arm-none-eabi/lib/thumb/v7e-m+fp/hard\libc_nano.a(lib_a-nano-mallocr.o)
 .text._malloc_r
                0x0000000008005ecc       0xe8 c:/st/stm32cubeide_1.11.2/stm32cubeide/plugins/com.st.stm32cube.ide.mcu.externaltools.gnu-tools-for-stm32.10.3-2021.10.win32_1.0.100.202210260954/tools/bin/../lib/gcc/arm-none-eabi/10.3.1/../../../../arm-none-eabi/lib/thumb/v7e-m+fp/hard\libc_nano.a(lib_a-nano-mallocr.o)
                0x0000000008005ecc                _malloc_r
 .text.__sfputc_r
                0x0000000008005fb4       0x2e c:/st/stm32cubeide_1.11.2/stm32cubeide/plugins/com.st.stm32cube.ide.mcu.externaltools.gnu-tools-for-stm32.10.3-2021.10.win32_1.0.100.202210260954/tools/bin/../lib/gcc/arm-none-eabi/10.3.1/../../../../arm-none-eabi/lib/thumb/v7e-m+fp/hard\libc_nano.a(lib_a-nano-vfprintf.o)
 .text.__sfputs_r
                0x0000000008005fe2       0x24 c:/st/stm32cubeide_1.11.2/stm32cubeide/plugins/com.st.stm32cube.ide.mcu.externaltools.gnu-tools-for-stm32.10.3-2021.10.win32_1.0.100.202210260954/tools/bin/../lib/gcc/arm-none-eabi/10.3.1/../../../../arm-none-eabi/lib/thumb/v7e-m+fp/hard\libc_nano.a(lib_a-nano-vfprintf.o)
                0x0000000008005fe2                __sfputs_r
 *fill*         0x0000000008006006        0x2 
 .text._vfprintf_r
                0x0000000008006008      0x260 c:/st/stm32cubeide_1.11.2/stm32cubeide/plugins/com.st.stm32cube.ide.mcu.externaltools.gnu-tools-for-stm32.10.3-2021.10.win32_1.0.100.202210260954/tools/bin/../lib/gcc/arm-none-eabi/10.3.1/../../../../arm-none-eabi/lib/thumb/v7e-m+fp/hard\libc_nano.a(lib_a-nano-vfprintf.o)
                0x0000000008006008                _vfprintf_r
                0x0000000008006008                _vfiprintf_r
 .text._printf_common
                0x0000000008006268       0xda c:/st/stm32cubeide_1.11.2/stm32cubeide/plugins/com.st.stm32cube.ide.mcu.externaltools.gnu-tools-for-stm32.10.3-2021.10.win32_1.0.100.202210260954/tools/bin/../lib/gcc/arm-none-eabi/10.3.1/../../../../arm-none-eabi/lib/thumb/v7e-m+fp/hard\libc_nano.a(lib_a-nano-vfprintf_i.o)
                0x0000000008006268                _printf_common
 *fill*         0x0000000008006342        0x2 
 .text._printf_i
                0x0000000008006344      0x24c c:/st/stm32cubeide_1.11.2/stm32cubeide/plugins/com.st.stm32cube.ide.mcu.externaltools.gnu-tools-for-stm32.10.3-2021.10.win32_1.0.100.202210260954/tools/bin/../lib/gcc/arm-none-eabi/10.3.1/../../../../arm-none-eabi/lib/thumb/v7e-m+fp/hard\libc_nano.a(lib_a-nano-vfprintf_i.o)
                0x0000000008006344                _printf_i
 .text._sbrk_r  0x0000000008006590       0x20 c:/st/stm32cubeide_1.11.2/stm32cubeide/plugins/com.st.stm32cube.ide.mcu.externaltools.gnu-tools-for-stm32.10.3-2021.10.win32_1.0.100.202210260954/tools/bin/../lib/gcc/arm-none-eabi/10.3.1/../../../../arm-none-eabi/lib/thumb/v7e-m+fp/hard\libc_nano.a(lib_a-sbrkr.o)
                0x0000000008006590                _sbrk_r
 .text.__sread  0x00000000080065b0       0x22 c:/st/stm32cubeide_1.11.2/stm32cubeide/plugins/com.st.stm32cube.ide.mcu.externaltools.gnu-tools-for-stm32.10.3-2021.10.win32_1.0.100.202210260954/tools/bin/../lib/gcc/arm-none-eabi/10.3.1/../../../../arm-none-eabi/lib/thumb/v7e-m+fp/hard\libc_nano.a(lib_a-stdio.o)
                0x00000000080065b0                __sread
 .text.__swrite
                0x00000000080065d2       0x38 c:/st/stm32cubeide_1.11.2/stm32cubeide/plugins/com.st.stm32cube.ide.mcu.externaltools.gnu-tools-for-stm32.10.3-2021.10.win32_1.0.100.202210260954/tools/bin/../lib/gcc/arm-none-eabi/10.3.1/../../../../arm-none-eabi/lib/thumb/v7e-m+fp/hard\libc_nano.a(lib_a-stdio.o)
                0x00000000080065d2                __swrite
 .text.__sseek  0x000000000800660a       0x24 c:/st/stm32cubeide_1.11.2/stm32cubeide/plugins/com.st.stm32cube.ide.mcu.externaltools.gnu-tools-for-stm32.10.3-2021.10.win32_1.0.100.202210260954/tools/bin/../lib/gcc/arm-none-eabi/10.3.1/../../../../arm-none-eabi/lib/thumb/v7e-m+fp/hard\libc_nano.a(lib_a-stdio.o)
                0x000000000800660a                __sseek
 .text.__sclose
                0x000000000800662e        0x8 c:/st/stm32cubeide_1.11.2/stm32cubeide/plugins/com.st.stm32cube.ide.mcu.externaltools.gnu-tools-for-stm32.10.3-2021.10.win32_1.0.100.202210260954/tools/bin/../lib/gcc/arm-none-eabi/10.3.1/../../../../arm-none-eabi/lib/thumb/v7e-m+fp/hard\libc_nano.a(lib_a-stdio.o)
                0x000000000800662e                __sclose
 *fill*         0x0000000008006636        0x2 
 .text._write_r
                0x0000000008006638       0x24 c:/st/stm32cubeide_1.11.2/stm32cubeide/plugins/com.st.stm32cube.ide.mcu.externaltools.gnu-tools-for-stm32.10.3-2021.10.win32_1.0.100.202210260954/tools/bin/../lib/gcc/arm-none-eabi/10.3.1/../../../../arm-none-eabi/lib/thumb/v7e-m+fp/hard\libc_nano.a(lib_a-writer.o)
                0x0000000008006638                _write_r
 .text._close_r
                0x000000000800665c       0x20 c:/st/stm32cubeide_1.11.2/stm32cubeide/plugins/com.st.stm32cube.ide.mcu.externaltools.gnu-tools-for-stm32.10.3-2021.10.win32_1.0.100.202210260954/tools/bin/../lib/gcc/arm-none-eabi/10.3.1/../../../../arm-none-eabi/lib/thumb/v7e-m+fp/hard\libc_nano.a(lib_a-closer.o)
                0x000000000800665c                _close_r
 .text._fstat_r
                0x000000000800667c       0x24 c:/st/stm32cubeide_1.11.2/stm32cubeide/plugins/com.st.stm32cube.ide.mcu.externaltools.gnu-tools-for-stm32.10.3-2021.10.win32_1.0.100.202210260954/tools/bin/../lib/gcc/arm-none-eabi/10.3.1/../../../../arm-none-eabi/lib/thumb/v7e-m+fp/hard\libc_nano.a(lib_a-fstatr.o)
                0x000000000800667c                _fstat_r
 .text._isatty_r
                0x00000000080066a0       0x20 c:/st/stm32cubeide_1.11.2/stm32cubeide/plugins/com.st.stm32cube.ide.mcu.externaltools.gnu-tools-for-stm32.10.3-2021.10.win32_1.0.100.202210260954/tools/bin/../lib/gcc/arm-none-eabi/10.3.1/../../../../arm-none-eabi/lib/thumb/v7e-m+fp/hard\libc_nano.a(lib_a-isattyr.o)
                0x00000000080066a0                _isatty_r
 .text._lseek_r
                0x00000000080066c0       0x24 c:/st/stm32cubeide_1.11.2/stm32cubeide/plugins/com.st.stm32cube.ide.mcu.externaltools.gnu-tools-for-stm32.10.3-2021.10.win32_1.0.100.202210260954/tools/bin/../lib/gcc/arm-none-eabi/10.3.1/../../../../arm-none-eabi/lib/thumb/v7e-m+fp/hard\libc_nano.a(lib_a-lseekr.o)
                0x00000000080066c0                _lseek_r
 .text.__malloc_lock
                0x00000000080066e4        0xc c:/st/stm32cubeide_1.11.2/stm32cubeide/plugins/com.st.stm32cube.ide.mcu.externaltools.gnu-tools-for-stm32.10.3-2021.10.win32_1.0.100.202210260954/tools/bin/../lib/gcc/arm-none-eabi/10.3.1/../../../../arm-none-eabi/lib/thumb/v7e-m+fp/hard\libc_nano.a(lib_a-mlock.o)
                0x00000000080066e4                __malloc_lock
 .text.__malloc_unlock
                0x00000000080066f0        0xc c:/st/stm32cubeide_1.11.2/stm32cubeide/plugins/com.st.stm32cube.ide.mcu.externaltools.gnu-tools-for-stm32.10.3-2021.10.win32_1.0.100.202210260954/tools/bin/../lib/gcc/arm-none-eabi/10.3.1/../../../../arm-none-eabi/lib/thumb/v7e-m+fp/hard\libc_nano.a(lib_a-mlock.o)
                0x00000000080066f0                __malloc_unlock
 .text._read_r  0x00000000080066fc       0x24 c:/st/stm32cubeide_1.11.2/stm32cubeide/plugins/com.st.stm32cube.ide.mcu.externaltools.gnu-tools-for-stm32.10.3-2021.10.win32_1.0.100.202210260954/tools/bin/../lib/gcc/arm-none-eabi/10.3.1/../../../../arm-none-eabi/lib/thumb/v7e-m+fp/hard\libc_nano.a(lib_a-readr.o)
                0x00000000080066fc                _read_r
 *(.glue_7)
 .glue_7        0x0000000008006720        0x0 linker stubs
 *(.glue_7t)
 .glue_7t       0x0000000008006720        0x0 linker stubs
 *(.eh_frame)
 .eh_frame      0x0000000008006720        0x0 c:/st/stm32cubeide_1.11.2/stm32cubeide/plugins/com.st.stm32cube.ide.mcu.externaltools.gnu-tools-for-stm32.10.3-2021.10.win32_1.0.100.202210260954/tools/bin/../lib/gcc/arm-none-eabi/10.3.1/thumb/v7e-m+fp/hard/crtbegin.o
 *(.init)
 .init          0x0000000008006720        0x4 c:/st/stm32cubeide_1.11.2/stm32cubeide/plugins/com.st.stm32cube.ide.mcu.externaltools.gnu-tools-for-stm32.10.3-2021.10.win32_1.0.100.202210260954/tools/bin/../lib/gcc/arm-none-eabi/10.3.1/thumb/v7e-m+fp/hard/crti.o
                0x0000000008006720                _init
 .init          0x0000000008006724        0x8 c:/st/stm32cubeide_1.11.2/stm32cubeide/plugins/com.st.stm32cube.ide.mcu.externaltools.gnu-tools-for-stm32.10.3-2021.10.win32_1.0.100.202210260954/tools/bin/../lib/gcc/arm-none-eabi/10.3.1/thumb/v7e-m+fp/hard/crtn.o
 *(.fini)
 .fini          0x000000000800672c        0x4 c:/st/stm32cubeide_1.11.2/stm32cubeide/plugins/com.st.stm32cube.ide.mcu.externaltools.gnu-tools-for-stm32.10.3-2021.10.win32_1.0.100.202210260954/tools/bin/../lib/gcc/arm-none-eabi/10.3.1/thumb/v7e-m+fp/hard/crti.o
                0x000000000800672c                _fini
 .fini          0x0000000008006730        0x8 c:/st/stm32cubeide_1.11.2/stm32cubeide/plugins/com.st.stm32cube.ide.mcu.externaltools.gnu-tools-for-stm32.10.3-2021.10.win32_1.0.100.202210260954/tools/bin/../lib/gcc/arm-none-eabi/10.3.1/thumb/v7e-m+fp/hard/crtn.o
                0x0000000008006738                . = ALIGN (0x4)
                0x0000000008006738                _etext = .

.vfp11_veneer   0x0000000008006738        0x0
 .vfp11_veneer  0x0000000008006738        0x0 linker stubs

.v4_bx          0x0000000008006738        0x0
 .v4_bx         0x0000000008006738        0x0 linker stubs

.iplt           0x0000000008006738        0x0
 .iplt          0x0000000008006738        0x0 c:/st/stm32cubeide_1.11.2/stm32cubeide/plugins/com.st.stm32cube.ide.mcu.externaltools.gnu-tools-for-stm32.10.3-2021.10.win32_1.0.100.202210260954/tools/bin/../lib/gcc/arm-none-eabi/10.3.1/thumb/v7e-m+fp/hard/crtbegin.o

.rodata         0x0000000008006738      0x520
                0x0000000008006738                . = ALIGN (0x4)
 *(.rodata)
 .rodata        0x0000000008006738       0x13 ./Core/Src/bmi08a.o
 *fill*         0x000000000800674b        0x1 
 .rodata        0x000000000800674c      0x42a ./Core/Src/main.o
 *(.rodata*)
 *fill*         0x0000000008006b76        0x2 
 .rodata.AHBPrescTable
                0x0000000008006b78       0x10 ./Core/Src/system_stm32l4xx.o
                0x0000000008006b78                AHBPrescTable
 .rodata.APBPrescTable
                0x0000000008006b88        0x8 ./Core/Src/system_stm32l4xx.o
                0x0000000008006b88                APBPrescTable
 .rodata.MSIRangeTable
                0x0000000008006b90       0x30 ./Core/Src/system_stm32l4xx.o
                0x0000000008006b90                MSIRangeTable
 .rodata._global_impure_ptr
                0x0000000008006bc0        0x4 c:/st/stm32cubeide_1.11.2/stm32cubeide/plugins/com.st.stm32cube.ide.mcu.externaltools.gnu-tools-for-stm32.10.3-2021.10.win32_1.0.100.202210260954/tools/bin/../lib/gcc/arm-none-eabi/10.3.1/../../../../arm-none-eabi/lib/thumb/v7e-m+fp/hard\libc_nano.a(lib_a-impure.o)
                0x0000000008006bc0                _global_impure_ptr
 .rodata.__sf_fake_stderr
                0x0000000008006bc4       0x20 c:/st/stm32cubeide_1.11.2/stm32cubeide/plugins/com.st.stm32cube.ide.mcu.externaltools.gnu-tools-for-stm32.10.3-2021.10.win32_1.0.100.202210260954/tools/bin/../lib/gcc/arm-none-eabi/10.3.1/../../../../arm-none-eabi/lib/thumb/v7e-m+fp/hard\libc_nano.a(lib_a-findfp.o)
                0x0000000008006bc4                __sf_fake_stderr
 .rodata.__sf_fake_stdin
                0x0000000008006be4       0x20 c:/st/stm32cubeide_1.11.2/stm32cubeide/plugins/com.st.stm32cube.ide.mcu.externaltools.gnu-tools-for-stm32.10.3-2021.10.win32_1.0.100.202210260954/tools/bin/../lib/gcc/arm-none-eabi/10.3.1/../../../../arm-none-eabi/lib/thumb/v7e-m+fp/hard\libc_nano.a(lib_a-findfp.o)
                0x0000000008006be4                __sf_fake_stdin
 .rodata.__sf_fake_stdout
                0x0000000008006c04       0x20 c:/st/stm32cubeide_1.11.2/stm32cubeide/plugins/com.st.stm32cube.ide.mcu.externaltools.gnu-tools-for-stm32.10.3-2021.10.win32_1.0.100.202210260954/tools/bin/../lib/gcc/arm-none-eabi/10.3.1/../../../../arm-none-eabi/lib/thumb/v7e-m+fp/hard\libc_nano.a(lib_a-findfp.o)
                0x0000000008006c04                __sf_fake_stdout
 .rodata._vfprintf_r.str1.1
                0x0000000008006c24       0x11 c:/st/stm32cubeide_1.11.2/stm32cubeide/plugins/com.st.stm32cube.ide.mcu.externaltools.gnu-tools-for-stm32.10.3-2021.10.win32_1.0.100.202210260954/tools/bin/../lib/gcc/arm-none-eabi/10.3.1/../../../../arm-none-eabi/lib/thumb/v7e-m+fp/hard\libc_nano.a(lib_a-nano-vfprintf.o)
 .rodata._printf_i.str1.1
                0x0000000008006c35       0x22 c:/st/stm32cubeide_1.11.2/stm32cubeide/plugins/com.st.stm32cube.ide.mcu.externaltools.gnu-tools-for-stm32.10.3-2021.10.win32_1.0.100.202210260954/tools/bin/../lib/gcc/arm-none-eabi/10.3.1/../../../../arm-none-eabi/lib/thumb/v7e-m+fp/hard\libc_nano.a(lib_a-nano-vfprintf_i.o)
                0x0000000008006c58                . = ALIGN (0x4)
 *fill*         0x0000000008006c57        0x1 

.ARM.extab      0x0000000008006c58        0x0
                0x0000000008006c58                . = ALIGN (0x4)
 *(.ARM.extab* .gnu.linkonce.armextab.*)
                0x0000000008006c58                . = ALIGN (0x4)

.ARM            0x0000000008006c58        0x8
                0x0000000008006c58                . = ALIGN (0x4)
                0x0000000008006c58                __exidx_start = .
 *(.ARM.exidx*)
 .ARM.exidx     0x0000000008006c58        0x8 c:/st/stm32cubeide_1.11.2/stm32cubeide/plugins/com.st.stm32cube.ide.mcu.externaltools.gnu-tools-for-stm32.10.3-2021.10.win32_1.0.100.202210260954/tools/bin/../lib/gcc/arm-none-eabi/10.3.1/thumb/v7e-m+fp/hard\libgcc.a(_udivmoddi4.o)
                0x0000000008006c60                __exidx_end = .
                0x0000000008006c60                . = ALIGN (0x4)

.rel.dyn        0x0000000008006c60        0x0
 .rel.iplt      0x0000000008006c60        0x0 c:/st/stm32cubeide_1.11.2/stm32cubeide/plugins/com.st.stm32cube.ide.mcu.externaltools.gnu-tools-for-stm32.10.3-2021.10.win32_1.0.100.202210260954/tools/bin/../lib/gcc/arm-none-eabi/10.3.1/thumb/v7e-m+fp/hard/crtbegin.o

.preinit_array  0x0000000008006c60        0x0
                0x0000000008006c60                . = ALIGN (0x4)
                0x0000000008006c60                PROVIDE (__preinit_array_start = .)
 *(.preinit_array*)
                0x0000000008006c60                PROVIDE (__preinit_array_end = .)
                0x0000000008006c60                . = ALIGN (0x4)

.init_array     0x0000000008006c60        0x4
                0x0000000008006c60                . = ALIGN (0x4)
                0x0000000008006c60                PROVIDE (__init_array_start = .)
 *(SORT_BY_NAME(.init_array.*))
 *(.init_array*)
 .init_array    0x0000000008006c60        0x4 c:/st/stm32cubeide_1.11.2/stm32cubeide/plugins/com.st.stm32cube.ide.mcu.externaltools.gnu-tools-for-stm32.10.3-2021.10.win32_1.0.100.202210260954/tools/bin/../lib/gcc/arm-none-eabi/10.3.1/thumb/v7e-m+fp/hard/crtbegin.o
                0x0000000008006c64                PROVIDE (__init_array_end = .)
                0x0000000008006c64                . = ALIGN (0x4)

.fini_array     0x0000000008006c64        0x4
                0x0000000008006c64                . = ALIGN (0x4)
                [!provide]                        PROVIDE (__fini_array_start = .)
 *(SORT_BY_NAME(.fini_array.*))
 *(.fini_array*)
 .fini_array    0x0000000008006c64        0x4 c:/st/stm32cubeide_1.11.2/stm32cubeide/plugins/com.st.stm32cube.ide.mcu.externaltools.gnu-tools-for-stm32.10.3-2021.10.win32_1.0.100.202210260954/tools/bin/../lib/gcc/arm-none-eabi/10.3.1/thumb/v7e-m+fp/hard/crtbegin.o
                [!provide]                        PROVIDE (__fini_array_end = .)
                0x0000000008006c68                . = ALIGN (0x4)
                0x0000000008006c68                _sidata = LOADADDR (.data)

.data           0x0000000020000000       0x70 load address 0x0000000008006c68
                0x0000000020000000                . = ALIGN (0x4)
                0x0000000020000000                _sdata = .
 *(.data)
 *(.data*)
 .data.SystemCoreClock
                0x0000000020000000        0x4 ./Core/Src/system_stm32l4xx.o
                0x0000000020000000                SystemCoreClock
 .data.uwTickPrio
                0x0000000020000004        0x4 ./Drivers/STM32L4xx_HAL_Driver/Src/stm32l4xx_hal.o
                0x0000000020000004                uwTickPrio
 .data.uwTickFreq
                0x0000000020000008        0x1 ./Drivers/STM32L4xx_HAL_Driver/Src/stm32l4xx_hal.o
                0x0000000020000008                uwTickFreq
 *fill*         0x0000000020000009        0x3 
 .data._impure_ptr
                0x000000002000000c        0x4 c:/st/stm32cubeide_1.11.2/stm32cubeide/plugins/com.st.stm32cube.ide.mcu.externaltools.gnu-tools-for-stm32.10.3-2021.10.win32_1.0.100.202210260954/tools/bin/../lib/gcc/arm-none-eabi/10.3.1/../../../../arm-none-eabi/lib/thumb/v7e-m+fp/hard\libc_nano.a(lib_a-impure.o)
                0x000000002000000c                _impure_ptr
 .data.impure_data
                0x0000000020000010       0x60 c:/st/stm32cubeide_1.11.2/stm32cubeide/plugins/com.st.stm32cube.ide.mcu.externaltools.gnu-tools-for-stm32.10.3-2021.10.win32_1.0.100.202210260954/tools/bin/../lib/gcc/arm-none-eabi/10.3.1/../../../../arm-none-eabi/lib/thumb/v7e-m+fp/hard\libc_nano.a(lib_a-impure.o)
 *(.RamFunc)
 *(.RamFunc*)
                0x0000000020000070                . = ALIGN (0x4)
                0x0000000020000070                _edata = .

.igot.plt       0x0000000020000070        0x0 load address 0x0000000008006cd8
 .igot.plt      0x0000000020000070        0x0 c:/st/stm32cubeide_1.11.2/stm32cubeide/plugins/com.st.stm32cube.ide.mcu.externaltools.gnu-tools-for-stm32.10.3-2021.10.win32_1.0.100.202210260954/tools/bin/../lib/gcc/arm-none-eabi/10.3.1/thumb/v7e-m+fp/hard/crtbegin.o
                0x0000000020000070                . = ALIGN (0x4)

.bss            0x0000000020000070      0x1ac load address 0x0000000008006cd8
                0x0000000020000070                _sbss = .
                0x0000000020000070                __bss_start__ = _sbss
 *(.bss)
 .bss           0x0000000020000070       0x1c c:/st/stm32cubeide_1.11.2/stm32cubeide/plugins/com.st.stm32cube.ide.mcu.externaltools.gnu-tools-for-stm32.10.3-2021.10.win32_1.0.100.202210260954/tools/bin/../lib/gcc/arm-none-eabi/10.3.1/thumb/v7e-m+fp/hard/crtbegin.o
 *(.bss*)
 .bss.hspi1     0x000000002000008c       0x64 ./Core/Src/main.o
                0x000000002000008c                hspi1
 .bss.htim2     0x00000000200000f0       0x4c ./Core/Src/main.o
                0x00000000200000f0                htim2
 .bss.huart2    0x000000002000013c       0x84 ./Core/Src/main.o
                0x000000002000013c                huart2
 .bss.bmi08xdev
                0x00000000200001c0       0x30 ./Core/Src/main.o
                0x00000000200001c0                bmi08xdev
 .bss.accel_int_config
                0x00000000200001f0        0x5 ./Core/Src/main.o
                0x00000000200001f0                accel_int_config
 *fill*         0x00000000200001f5        0x3 
 .bss.gyro_int_config
                0x00000000200001f8        0x5 ./Core/Src/main.o
                0x00000000200001f8                gyro_int_config
 *fill*         0x00000000200001fd        0x1 
 .bss.acc_dev_add
                0x00000000200001fe        0x2 ./Core/Src/main.o
                0x00000000200001fe                acc_dev_add
 .bss.gyro_dev_add
                0x0000000020000200        0x2 ./Core/Src/main.o
                0x0000000020000200                gyro_dev_add
 *fill*         0x0000000020000202        0x2 
 .bss.__sbrk_heap_end
                0x0000000020000204        0x4 ./Core/Src/sysmem.o
 .bss.uwTick    0x0000000020000208        0x4 ./Drivers/STM32L4xx_HAL_Driver/Src/stm32l4xx_hal.o
                0x0000000020000208                uwTick
 .bss.__lock___malloc_recursive_mutex
                0x000000002000020c        0x1 c:/st/stm32cubeide_1.11.2/stm32cubeide/plugins/com.st.stm32cube.ide.mcu.externaltools.gnu-tools-for-stm32.10.3-2021.10.win32_1.0.100.202210260954/tools/bin/../lib/gcc/arm-none-eabi/10.3.1/../../../../arm-none-eabi/lib/thumb/v7e-m+fp/hard\libc_nano.a(lib_a-lock.o)
                0x000000002000020c                __lock___malloc_recursive_mutex
 .bss.__lock___sfp_recursive_mutex
                0x000000002000020d        0x1 c:/st/stm32cubeide_1.11.2/stm32cubeide/plugins/com.st.stm32cube.ide.mcu.externaltools.gnu-tools-for-stm32.10.3-2021.10.win32_1.0.100.202210260954/tools/bin/../lib/gcc/arm-none-eabi/10.3.1/../../../../arm-none-eabi/lib/thumb/v7e-m+fp/hard\libc_nano.a(lib_a-lock.o)
                0x000000002000020d                __lock___sfp_recursive_mutex
 .bss.__lock___sinit_recursive_mutex
                0x000000002000020e        0x1 c:/st/stm32cubeide_1.11.2/stm32cubeide/plugins/com.st.stm32cube.ide.mcu.externaltools.gnu-tools-for-stm32.10.3-2021.10.win32_1.0.100.202210260954/tools/bin/../lib/gcc/arm-none-eabi/10.3.1/../../../../arm-none-eabi/lib/thumb/v7e-m+fp/hard\libc_nano.a(lib_a-lock.o)
                0x000000002000020e                __lock___sinit_recursive_mutex
 *fill*         0x000000002000020f        0x1 
 .bss.__malloc_free_list
                0x0000000020000210        0x4 c:/st/stm32cubeide_1.11.2/stm32cubeide/plugins/com.st.stm32cube.ide.mcu.externaltools.gnu-tools-for-stm32.10.3-2021.10.win32_1.0.100.202210260954/tools/bin/../lib/gcc/arm-none-eabi/10.3.1/../../../../arm-none-eabi/lib/thumb/v7e-m+fp/hard\libc_nano.a(lib_a-nano-mallocr.o)
                0x0000000020000210                __malloc_free_list
 .bss.__malloc_sbrk_start
                0x0000000020000214        0x4 c:/st/stm32cubeide_1.11.2/stm32cubeide/plugins/com.st.stm32cube.ide.mcu.externaltools.gnu-tools-for-stm32.10.3-2021.10.win32_1.0.100.202210260954/tools/bin/../lib/gcc/arm-none-eabi/10.3.1/../../../../arm-none-eabi/lib/thumb/v7e-m+fp/hard\libc_nano.a(lib_a-nano-mallocr.o)
                0x0000000020000214                __malloc_sbrk_start
 .bss.errno     0x0000000020000218        0x4 c:/st/stm32cubeide_1.11.2/stm32cubeide/plugins/com.st.stm32cube.ide.mcu.externaltools.gnu-tools-for-stm32.10.3-2021.10.win32_1.0.100.202210260954/tools/bin/../lib/gcc/arm-none-eabi/10.3.1/../../../../arm-none-eabi/lib/thumb/v7e-m+fp/hard\libc_nano.a(lib_a-reent.o)
                0x0000000020000218                errno
 *(COMMON)
                0x000000002000021c                . = ALIGN (0x4)
                0x000000002000021c                _ebss = .
                0x000000002000021c                __bss_end__ = _ebss

._user_heap_stack
                0x000000002000021c      0x604 load address 0x0000000008006cd8
                0x0000000020000220                . = ALIGN (0x8)
 *fill*         0x000000002000021c        0x4 
                [!provide]                        PROVIDE (end = .)
                0x0000000020000220                PROVIDE (_end = .)
                0x0000000020000420                . = (. + _Min_Heap_Size)
 *fill*         0x0000000020000220      0x200 
                0x0000000020000820                . = (. + _Min_Stack_Size)
 *fill*         0x0000000020000420      0x400 
                0x0000000020000820                . = ALIGN (0x8)

/DISCARD/
 libc.a(*)
 libm.a(*)
 libgcc.a(*)

.ARM.attributes
                0x0000000000000000       0x30
 *(.ARM.attributes)
 .ARM.attributes
                0x0000000000000000       0x1e c:/st/stm32cubeide_1.11.2/stm32cubeide/plugins/com.st.stm32cube.ide.mcu.externaltools.gnu-tools-for-stm32.10.3-2021.10.win32_1.0.100.202210260954/tools/bin/../lib/gcc/arm-none-eabi/10.3.1/thumb/v7e-m+fp/hard/crti.o
 .ARM.attributes
                0x000000000000001e       0x34 c:/st/stm32cubeide_1.11.2/stm32cubeide/plugins/com.st.stm32cube.ide.mcu.externaltools.gnu-tools-for-stm32.10.3-2021.10.win32_1.0.100.202210260954/tools/bin/../lib/gcc/arm-none-eabi/10.3.1/thumb/v7e-m+fp/hard/crtbegin.o
 .ARM.attributes
                0x0000000000000052       0x34 ./Core/Src/bmi08a.o
 .ARM.attributes
                0x0000000000000086       0x34 ./Core/Src/bmi08g.o
 .ARM.attributes
                0x00000000000000ba       0x34 ./Core/Src/main.o
 .ARM.attributes
                0x00000000000000ee       0x34 ./Core/Src/stm32l4xx_hal_msp.o
 .ARM.attributes
                0x0000000000000122       0x34 ./Core/Src/stm32l4xx_it.o
 .ARM.attributes
                0x0000000000000156       0x34 ./Core/Src/syscalls.o
 .ARM.attributes
                0x000000000000018a       0x34 ./Core/Src/sysmem.o
 .ARM.attributes
                0x00000000000001be       0x34 ./Core/Src/system_stm32l4xx.o
 .ARM.attributes
                0x00000000000001f2       0x21 ./Core/Startup/startup_stm32l412rbtxp.o
 .ARM.attributes
                0x0000000000000213       0x34 ./Drivers/STM32L4xx_HAL_Driver/Src/stm32l4xx_hal.o
 .ARM.attributes
                0x0000000000000247       0x34 ./Drivers/STM32L4xx_HAL_Driver/Src/stm32l4xx_hal_cortex.o
 .ARM.attributes
                0x000000000000027b       0x34 ./Drivers/STM32L4xx_HAL_Driver/Src/stm32l4xx_hal_gpio.o
 .ARM.attributes
                0x00000000000002af       0x34 ./Drivers/STM32L4xx_HAL_Driver/Src/stm32l4xx_hal_pwr_ex.o
 .ARM.attributes
                0x00000000000002e3       0x34 ./Drivers/STM32L4xx_HAL_Driver/Src/stm32l4xx_hal_rcc.o
 .ARM.attributes
                0x0000000000000317       0x34 ./Drivers/STM32L4xx_HAL_Driver/Src/stm32l4xx_hal_rcc_ex.o
 .ARM.attributes
                0x000000000000034b       0x34 ./Drivers/STM32L4xx_HAL_Driver/Src/stm32l4xx_hal_spi.o
 .ARM.attributes
                0x000000000000037f       0x34 ./Drivers/STM32L4xx_HAL_Driver/Src/stm32l4xx_hal_tim.o
 .ARM.attributes
                0x00000000000003b3       0x34 ./Drivers/STM32L4xx_HAL_Driver/Src/stm32l4xx_hal_tim_ex.o
 .ARM.attributes
                0x00000000000003e7       0x34 ./Drivers/STM32L4xx_HAL_Driver/Src/stm32l4xx_hal_uart.o
 .ARM.attributes
                0x000000000000041b       0x34 c:/st/stm32cubeide_1.11.2/stm32cubeide/plugins/com.st.stm32cube.ide.mcu.externaltools.gnu-tools-for-stm32.10.3-2021.10.win32_1.0.100.202210260954/tools/bin/../lib/gcc/arm-none-eabi/10.3.1/../../../../arm-none-eabi/lib/thumb/v7e-m+fp/hard\libc_nano.a(lib_a-errno.o)
 .ARM.attributes
                0x000000000000044f       0x34 c:/st/stm32cubeide_1.11.2/stm32cubeide/plugins/com.st.stm32cube.ide.mcu.externaltools.gnu-tools-for-stm32.10.3-2021.10.win32_1.0.100.202210260954/tools/bin/../lib/gcc/arm-none-eabi/10.3.1/../../../../arm-none-eabi/lib/thumb/v7e-m+fp/hard\libc_nano.a(lib_a-impure.o)
 .ARM.attributes
                0x0000000000000483       0x34 c:/st/stm32cubeide_1.11.2/stm32cubeide/plugins/com.st.stm32cube.ide.mcu.externaltools.gnu-tools-for-stm32.10.3-2021.10.win32_1.0.100.202210260954/tools/bin/../lib/gcc/arm-none-eabi/10.3.1/../../../../arm-none-eabi/lib/thumb/v7e-m+fp/hard\libc_nano.a(lib_a-init.o)
 .ARM.attributes
                0x00000000000004b7       0x34 c:/st/stm32cubeide_1.11.2/stm32cubeide/plugins/com.st.stm32cube.ide.mcu.externaltools.gnu-tools-for-stm32.10.3-2021.10.win32_1.0.100.202210260954/tools/bin/../lib/gcc/arm-none-eabi/10.3.1/../../../../arm-none-eabi/lib/thumb/v7e-m+fp/hard\libc_nano.a(lib_a-memset.o)
 .ARM.attributes
                0x00000000000004eb       0x34 c:/st/stm32cubeide_1.11.2/stm32cubeide/plugins/com.st.stm32cube.ide.mcu.externaltools.gnu-tools-for-stm32.10.3-2021.10.win32_1.0.100.202210260954/tools/bin/../lib/gcc/arm-none-eabi/10.3.1/../../../../arm-none-eabi/lib/thumb/v7e-m+fp/hard\libc_nano.a(lib_a-printf.o)
 .ARM.attributes
                0x000000000000051f       0x34 c:/st/stm32cubeide_1.11.2/stm32cubeide/plugins/com.st.stm32cube.ide.mcu.externaltools.gnu-tools-for-stm32.10.3-2021.10.win32_1.0.100.202210260954/tools/bin/../lib/gcc/arm-none-eabi/10.3.1/../../../../arm-none-eabi/lib/thumb/v7e-m+fp/hard\libc_nano.a(lib_a-puts.o)
 .ARM.attributes
                0x0000000000000553       0x34 c:/st/stm32cubeide_1.11.2/stm32cubeide/plugins/com.st.stm32cube.ide.mcu.externaltools.gnu-tools-for-stm32.10.3-2021.10.win32_1.0.100.202210260954/tools/bin/../lib/gcc/arm-none-eabi/10.3.1/../../../../arm-none-eabi/lib/thumb/v7e-m+fp/hard\libc_nano.a(lib_a-wbuf.o)
 .ARM.attributes
                0x0000000000000587       0x34 c:/st/stm32cubeide_1.11.2/stm32cubeide/plugins/com.st.stm32cube.ide.mcu.externaltools.gnu-tools-for-stm32.10.3-2021.10.win32_1.0.100.202210260954/tools/bin/../lib/gcc/arm-none-eabi/10.3.1/../../../../arm-none-eabi/lib/thumb/v7e-m+fp/hard\libc_nano.a(lib_a-wsetup.o)
 .ARM.attributes
                0x00000000000005bb       0x34 c:/st/stm32cubeide_1.11.2/stm32cubeide/plugins/com.st.stm32cube.ide.mcu.externaltools.gnu-tools-for-stm32.10.3-2021.10.win32_1.0.100.202210260954/tools/bin/../lib/gcc/arm-none-eabi/10.3.1/../../../../arm-none-eabi/lib/thumb/v7e-m+fp/hard\libc_nano.a(lib_a-fflush.o)
 .ARM.attributes
                0x00000000000005ef       0x34 c:/st/stm32cubeide_1.11.2/stm32cubeide/plugins/com.st.stm32cube.ide.mcu.externaltools.gnu-tools-for-stm32.10.3-2021.10.win32_1.0.100.202210260954/tools/bin/../lib/gcc/arm-none-eabi/10.3.1/../../../../arm-none-eabi/lib/thumb/v7e-m+fp/hard\libc_nano.a(lib_a-findfp.o)
 .ARM.attributes
                0x0000000000000623       0x34 c:/st/stm32cubeide_1.11.2/stm32cubeide/plugins/com.st.stm32cube.ide.mcu.externaltools.gnu-tools-for-stm32.10.3-2021.10.win32_1.0.100.202210260954/tools/bin/../lib/gcc/arm-none-eabi/10.3.1/../../../../arm-none-eabi/lib/thumb/v7e-m+fp/hard\libc_nano.a(lib_a-fwalk.o)
 .ARM.attributes
                0x0000000000000657       0x34 c:/st/stm32cubeide_1.11.2/stm32cubeide/plugins/com.st.stm32cube.ide.mcu.externaltools.gnu-tools-for-stm32.10.3-2021.10.win32_1.0.100.202210260954/tools/bin/../lib/gcc/arm-none-eabi/10.3.1/../../../../arm-none-eabi/lib/thumb/v7e-m+fp/hard\libc_nano.a(lib_a-lock.o)
 .ARM.attributes
                0x000000000000068b       0x34 c:/st/stm32cubeide_1.11.2/stm32cubeide/plugins/com.st.stm32cube.ide.mcu.externaltools.gnu-tools-for-stm32.10.3-2021.10.win32_1.0.100.202210260954/tools/bin/../lib/gcc/arm-none-eabi/10.3.1/../../../../arm-none-eabi/lib/thumb/v7e-m+fp/hard\libc_nano.a(lib_a-makebuf.o)
 .ARM.attributes
                0x00000000000006bf       0x34 c:/st/stm32cubeide_1.11.2/stm32cubeide/plugins/com.st.stm32cube.ide.mcu.externaltools.gnu-tools-for-stm32.10.3-2021.10.win32_1.0.100.202210260954/tools/bin/../lib/gcc/arm-none-eabi/10.3.1/../../../../arm-none-eabi/lib/thumb/v7e-m+fp/hard\libc_nano.a(lib_a-nano-freer.o)
 .ARM.attributes
                0x00000000000006f3       0x34 c:/st/stm32cubeide_1.11.2/stm32cubeide/plugins/com.st.stm32cube.ide.mcu.externaltools.gnu-tools-for-stm32.10.3-2021.10.win32_1.0.100.202210260954/tools/bin/../lib/gcc/arm-none-eabi/10.3.1/../../../../arm-none-eabi/lib/thumb/v7e-m+fp/hard\libc_nano.a(lib_a-nano-mallocr.o)
 .ARM.attributes
                0x0000000000000727       0x34 c:/st/stm32cubeide_1.11.2/stm32cubeide/plugins/com.st.stm32cube.ide.mcu.externaltools.gnu-tools-for-stm32.10.3-2021.10.win32_1.0.100.202210260954/tools/bin/../lib/gcc/arm-none-eabi/10.3.1/../../../../arm-none-eabi/lib/thumb/v7e-m+fp/hard\libc_nano.a(lib_a-nano-vfprintf.o)
 .ARM.attributes
                0x000000000000075b       0x34 c:/st/stm32cubeide_1.11.2/stm32cubeide/plugins/com.st.stm32cube.ide.mcu.externaltools.gnu-tools-for-stm32.10.3-2021.10.win32_1.0.100.202210260954/tools/bin/../lib/gcc/arm-none-eabi/10.3.1/../../../../arm-none-eabi/lib/thumb/v7e-m+fp/hard\libc_nano.a(lib_a-nano-vfprintf_i.o)
 .ARM.attributes
                0x000000000000078f       0x34 c:/st/stm32cubeide_1.11.2/stm32cubeide/plugins/com.st.stm32cube.ide.mcu.externaltools.gnu-tools-for-stm32.10.3-2021.10.win32_1.0.100.202210260954/tools/bin/../lib/gcc/arm-none-eabi/10.3.1/../../../../arm-none-eabi/lib/thumb/v7e-m+fp/hard\libc_nano.a(lib_a-sbrkr.o)
 .ARM.attributes
                0x00000000000007c3       0x34 c:/st/stm32cubeide_1.11.2/stm32cubeide/plugins/com.st.stm32cube.ide.mcu.externaltools.gnu-tools-for-stm32.10.3-2021.10.win32_1.0.100.202210260954/tools/bin/../lib/gcc/arm-none-eabi/10.3.1/../../../../arm-none-eabi/lib/thumb/v7e-m+fp/hard\libc_nano.a(lib_a-stdio.o)
 .ARM.attributes
                0x00000000000007f7       0x34 c:/st/stm32cubeide_1.11.2/stm32cubeide/plugins/com.st.stm32cube.ide.mcu.externaltools.gnu-tools-for-stm32.10.3-2021.10.win32_1.0.100.202210260954/tools/bin/../lib/gcc/arm-none-eabi/10.3.1/../../../../arm-none-eabi/lib/thumb/v7e-m+fp/hard\libc_nano.a(lib_a-writer.o)
 .ARM.attributes
                0x000000000000082b       0x34 c:/st/stm32cubeide_1.11.2/stm32cubeide/plugins/com.st.stm32cube.ide.mcu.externaltools.gnu-tools-for-stm32.10.3-2021.10.win32_1.0.100.202210260954/tools/bin/../lib/gcc/arm-none-eabi/10.3.1/../../../../arm-none-eabi/lib/thumb/v7e-m+fp/hard\libc_nano.a(lib_a-closer.o)
 .ARM.attributes
                0x000000000000085f       0x34 c:/st/stm32cubeide_1.11.2/stm32cubeide/plugins/com.st.stm32cube.ide.mcu.externaltools.gnu-tools-for-stm32.10.3-2021.10.win32_1.0.100.202210260954/tools/bin/../lib/gcc/arm-none-eabi/10.3.1/../../../../arm-none-eabi/lib/thumb/v7e-m+fp/hard\libc_nano.a(lib_a-fstatr.o)
 .ARM.attributes
                0x0000000000000893       0x34 c:/st/stm32cubeide_1.11.2/stm32cubeide/plugins/com.st.stm32cube.ide.mcu.externaltools.gnu-tools-for-stm32.10.3-2021.10.win32_1.0.100.202210260954/tools/bin/../lib/gcc/arm-none-eabi/10.3.1/../../../../arm-none-eabi/lib/thumb/v7e-m+fp/hard\libc_nano.a(lib_a-isattyr.o)
 .ARM.attributes
                0x00000000000008c7       0x34 c:/st/stm32cubeide_1.11.2/stm32cubeide/plugins/com.st.stm32cube.ide.mcu.externaltools.gnu-tools-for-stm32.10.3-2021.10.win32_1.0.100.202210260954/tools/bin/../lib/gcc/arm-none-eabi/10.3.1/../../../../arm-none-eabi/lib/thumb/v7e-m+fp/hard\libc_nano.a(lib_a-lseekr.o)
 .ARM.attributes
                0x00000000000008fb       0x1c c:/st/stm32cubeide_1.11.2/stm32cubeide/plugins/com.st.stm32cube.ide.mcu.externaltools.gnu-tools-for-stm32.10.3-2021.10.win32_1.0.100.202210260954/tools/bin/../lib/gcc/arm-none-eabi/10.3.1/../../../../arm-none-eabi/lib/thumb/v7e-m+fp/hard\libc_nano.a(lib_a-memchr.o)
 .ARM.attributes
                0x0000000000000917       0x34 c:/st/stm32cubeide_1.11.2/stm32cubeide/plugins/com.st.stm32cube.ide.mcu.externaltools.gnu-tools-for-stm32.10.3-2021.10.win32_1.0.100.202210260954/tools/bin/../lib/gcc/arm-none-eabi/10.3.1/../../../../arm-none-eabi/lib/thumb/v7e-m+fp/hard\libc_nano.a(lib_a-mlock.o)
 .ARM.attributes
                0x000000000000094b       0x34 c:/st/stm32cubeide_1.11.2/stm32cubeide/plugins/com.st.stm32cube.ide.mcu.externaltools.gnu-tools-for-stm32.10.3-2021.10.win32_1.0.100.202210260954/tools/bin/../lib/gcc/arm-none-eabi/10.3.1/../../../../arm-none-eabi/lib/thumb/v7e-m+fp/hard\libc_nano.a(lib_a-readr.o)
 .ARM.attributes
                0x000000000000097f       0x34 c:/st/stm32cubeide_1.11.2/stm32cubeide/plugins/com.st.stm32cube.ide.mcu.externaltools.gnu-tools-for-stm32.10.3-2021.10.win32_1.0.100.202210260954/tools/bin/../lib/gcc/arm-none-eabi/10.3.1/../../../../arm-none-eabi/lib/thumb/v7e-m+fp/hard\libc_nano.a(lib_a-reent.o)
 .ARM.attributes
                0x00000000000009b3       0x1e c:/st/stm32cubeide_1.11.2/stm32cubeide/plugins/com.st.stm32cube.ide.mcu.externaltools.gnu-tools-for-stm32.10.3-2021.10.win32_1.0.100.202210260954/tools/bin/../lib/gcc/arm-none-eabi/10.3.1/thumb/v7e-m+fp/hard\libgcc.a(_aeabi_uldivmod.o)
 .ARM.attributes
                0x00000000000009d1       0x34 c:/st/stm32cubeide_1.11.2/stm32cubeide/plugins/com.st.stm32cube.ide.mcu.externaltools.gnu-tools-for-stm32.10.3-2021.10.win32_1.0.100.202210260954/tools/bin/../lib/gcc/arm-none-eabi/10.3.1/thumb/v7e-m+fp/hard\libgcc.a(_udivmoddi4.o)
 .ARM.attributes
                0x0000000000000a05       0x1e c:/st/stm32cubeide_1.11.2/stm32cubeide/plugins/com.st.stm32cube.ide.mcu.externaltools.gnu-tools-for-stm32.10.3-2021.10.win32_1.0.100.202210260954/tools/bin/../lib/gcc/arm-none-eabi/10.3.1/thumb/v7e-m+fp/hard\libgcc.a(_dvmd_tls.o)
 .ARM.attributes
                0x0000000000000a23       0x1e c:/st/stm32cubeide_1.11.2/stm32cubeide/plugins/com.st.stm32cube.ide.mcu.externaltools.gnu-tools-for-stm32.10.3-2021.10.win32_1.0.100.202210260954/tools/bin/../lib/gcc/arm-none-eabi/10.3.1/thumb/v7e-m+fp/hard/crtn.o
OUTPUT(IMU_take2.elf elf32-littlearm)
LOAD linker stubs
LOAD c:/st/stm32cubeide_1.11.2/stm32cubeide/plugins/com.st.stm32cube.ide.mcu.externaltools.gnu-tools-for-stm32.10.3-2021.10.win32_1.0.100.202210260954/tools/bin/../lib/gcc/arm-none-eabi/10.3.1/../../../../arm-none-eabi/lib/thumb/v7e-m+fp/hard\libc.a
LOAD c:/st/stm32cubeide_1.11.2/stm32cubeide/plugins/com.st.stm32cube.ide.mcu.externaltools.gnu-tools-for-stm32.10.3-2021.10.win32_1.0.100.202210260954/tools/bin/../lib/gcc/arm-none-eabi/10.3.1/../../../../arm-none-eabi/lib/thumb/v7e-m+fp/hard\libm.a
LOAD c:/st/stm32cubeide_1.11.2/stm32cubeide/plugins/com.st.stm32cube.ide.mcu.externaltools.gnu-tools-for-stm32.10.3-2021.10.win32_1.0.100.202210260954/tools/bin/../lib/gcc/arm-none-eabi/10.3.1/thumb/v7e-m+fp/hard\libgcc.a

.debug_info     0x0000000000000000    0x14d78
 .debug_info    0x0000000000000000     0x1d3f ./Core/Src/bmi08a.o
 .debug_info    0x0000000000001d3f     0x10bc ./Core/Src/bmi08g.o
 .debug_info    0x0000000000002dfb     0x1f54 ./Core/Src/main.o
 .debug_info    0x0000000000004d4f     0x133c ./Core/Src/stm32l4xx_hal_msp.o
 .debug_info    0x000000000000608b      0x122 ./Core/Src/stm32l4xx_it.o
 .debug_info    0x00000000000061ad      0x6e0 ./Core/Src/syscalls.o
 .debug_info    0x000000000000688d      0x171 ./Core/Src/sysmem.o
 .debug_info    0x00000000000069fe      0x5d4 ./Core/Src/system_stm32l4xx.o
 .debug_info    0x0000000000006fd2       0x22 ./Core/Startup/startup_stm32l412rbtxp.o
 .debug_info    0x0000000000006ff4      0xa8b ./Drivers/STM32L4xx_HAL_Driver/Src/stm32l4xx_hal.o
 .debug_info    0x0000000000007a7f      0xd8b ./Drivers/STM32L4xx_HAL_Driver/Src/stm32l4xx_hal_cortex.o
 .debug_info    0x000000000000880a      0x821 ./Drivers/STM32L4xx_HAL_Driver/Src/stm32l4xx_hal_gpio.o
 .debug_info    0x000000000000902b      0x9b7 ./Drivers/STM32L4xx_HAL_Driver/Src/stm32l4xx_hal_pwr_ex.o
 .debug_info    0x00000000000099e2      0xcb5 ./Drivers/STM32L4xx_HAL_Driver/Src/stm32l4xx_hal_rcc.o
 .debug_info    0x000000000000a697      0xd54 ./Drivers/STM32L4xx_HAL_Driver/Src/stm32l4xx_hal_rcc_ex.o
 .debug_info    0x000000000000b3eb     0x1782 ./Drivers/STM32L4xx_HAL_Driver/Src/stm32l4xx_hal_spi.o
 .debug_info    0x000000000000cb6d     0x2d04 ./Drivers/STM32L4xx_HAL_Driver/Src/stm32l4xx_hal_tim.o
 .debug_info    0x000000000000f871     0x17eb ./Drivers/STM32L4xx_HAL_Driver/Src/stm32l4xx_hal_tim_ex.o
 .debug_info    0x000000000001105c     0x3d1c ./Drivers/STM32L4xx_HAL_Driver/Src/stm32l4xx_hal_uart.o

.debug_abbrev   0x0000000000000000     0x257d
 .debug_abbrev  0x0000000000000000      0x213 ./Core/Src/bmi08a.o
 .debug_abbrev  0x0000000000000213      0x1ee ./Core/Src/bmi08g.o
 .debug_abbrev  0x0000000000000401      0x362 ./Core/Src/main.o
 .debug_abbrev  0x0000000000000763      0x1f4 ./Core/Src/stm32l4xx_hal_msp.o
 .debug_abbrev  0x0000000000000957       0x74 ./Core/Src/stm32l4xx_it.o
 .debug_abbrev  0x00000000000009cb      0x1b3 ./Core/Src/syscalls.o
 .debug_abbrev  0x0000000000000b7e       0xbb ./Core/Src/sysmem.o
 .debug_abbrev  0x0000000000000c39      0x116 ./Core/Src/system_stm32l4xx.o
 .debug_abbrev  0x0000000000000d4f       0x12 ./Core/Startup/startup_stm32l412rbtxp.o
 .debug_abbrev  0x0000000000000d61      0x24f ./Drivers/STM32L4xx_HAL_Driver/Src/stm32l4xx_hal.o
 .debug_abbrev  0x0000000000000fb0      0x316 ./Drivers/STM32L4xx_HAL_Driver/Src/stm32l4xx_hal_cortex.o
 .debug_abbrev  0x00000000000012c6      0x1bb ./Drivers/STM32L4xx_HAL_Driver/Src/stm32l4xx_hal_gpio.o
 .debug_abbrev  0x0000000000001481      0x1f3 ./Drivers/STM32L4xx_HAL_Driver/Src/stm32l4xx_hal_pwr_ex.o
 .debug_abbrev  0x0000000000001674      0x2c8 ./Drivers/STM32L4xx_HAL_Driver/Src/stm32l4xx_hal_rcc.o
 .debug_abbrev  0x000000000000193c      0x261 ./Drivers/STM32L4xx_HAL_Driver/Src/stm32l4xx_hal_rcc_ex.o
 .debug_abbrev  0x0000000000001b9d      0x254 ./Drivers/STM32L4xx_HAL_Driver/Src/stm32l4xx_hal_spi.o
 .debug_abbrev  0x0000000000001df1      0x264 ./Drivers/STM32L4xx_HAL_Driver/Src/stm32l4xx_hal_tim.o
 .debug_abbrev  0x0000000000002055      0x26c ./Drivers/STM32L4xx_HAL_Driver/Src/stm32l4xx_hal_tim_ex.o
 .debug_abbrev  0x00000000000022c1      0x2bc ./Drivers/STM32L4xx_HAL_Driver/Src/stm32l4xx_hal_uart.o

.debug_aranges  0x0000000000000000     0x13b0
 .debug_aranges
                0x0000000000000000      0x1b8 ./Core/Src/bmi08a.o
 .debug_aranges
                0x00000000000001b8      0x100 ./Core/Src/bmi08g.o
 .debug_aranges
                0x00000000000002b8       0xb0 ./Core/Src/main.o
 .debug_aranges
                0x0000000000000368       0x50 ./Core/Src/stm32l4xx_hal_msp.o
 .debug_aranges
                0x00000000000003b8       0x60 ./Core/Src/stm32l4xx_it.o
 .debug_aranges
                0x0000000000000418       0xa8 ./Core/Src/syscalls.o
 .debug_aranges
                0x00000000000004c0       0x20 ./Core/Src/sysmem.o
 .debug_aranges
                0x00000000000004e0       0x28 ./Core/Src/system_stm32l4xx.o
 .debug_aranges
                0x0000000000000508       0x28 ./Core/Startup/startup_stm32l412rbtxp.o
 .debug_aranges
                0x0000000000000530      0x108 ./Drivers/STM32L4xx_HAL_Driver/Src/stm32l4xx_hal.o
 .debug_aranges
                0x0000000000000638      0x118 ./Drivers/STM32L4xx_HAL_Driver/Src/stm32l4xx_hal_cortex.o
 .debug_aranges
                0x0000000000000750       0x58 ./Drivers/STM32L4xx_HAL_Driver/Src/stm32l4xx_hal_gpio.o
 .debug_aranges
                0x00000000000007a8      0x148 ./Drivers/STM32L4xx_HAL_Driver/Src/stm32l4xx_hal_pwr_ex.o
 .debug_aranges
                0x00000000000008f0       0x90 ./Drivers/STM32L4xx_HAL_Driver/Src/stm32l4xx_hal_rcc.o
 .debug_aranges
                0x0000000000000980       0xd0 ./Drivers/STM32L4xx_HAL_Driver/Src/stm32l4xx_hal_rcc_ex.o
 .debug_aranges
                0x0000000000000a50      0x1d8 ./Drivers/STM32L4xx_HAL_Driver/Src/stm32l4xx_hal_spi.o
 .debug_aranges
                0x0000000000000c28      0x3e0 ./Drivers/STM32L4xx_HAL_Driver/Src/stm32l4xx_hal_tim.o
 .debug_aranges
                0x0000000000001008      0x180 ./Drivers/STM32L4xx_HAL_Driver/Src/stm32l4xx_hal_tim_ex.o
 .debug_aranges
                0x0000000000001188      0x228 ./Drivers/STM32L4xx_HAL_Driver/Src/stm32l4xx_hal_uart.o

.debug_ranges   0x0000000000000000     0x12b8
 .debug_ranges  0x0000000000000000      0x1a8 ./Core/Src/bmi08a.o
 .debug_ranges  0x00000000000001a8       0xf0 ./Core/Src/bmi08g.o
 .debug_ranges  0x0000000000000298       0xa0 ./Core/Src/main.o
 .debug_ranges  0x0000000000000338       0x40 ./Core/Src/stm32l4xx_hal_msp.o
 .debug_ranges  0x0000000000000378       0x50 ./Core/Src/stm32l4xx_it.o
 .debug_ranges  0x00000000000003c8       0x98 ./Core/Src/syscalls.o
 .debug_ranges  0x0000000000000460       0x10 ./Core/Src/sysmem.o
 .debug_ranges  0x0000000000000470       0x18 ./Core/Src/system_stm32l4xx.o
 .debug_ranges  0x0000000000000488       0x20 ./Core/Startup/startup_stm32l412rbtxp.o
 .debug_ranges  0x00000000000004a8       0xf8 ./Drivers/STM32L4xx_HAL_Driver/Src/stm32l4xx_hal.o
 .debug_ranges  0x00000000000005a0      0x108 ./Drivers/STM32L4xx_HAL_Driver/Src/stm32l4xx_hal_cortex.o
 .debug_ranges  0x00000000000006a8       0x48 ./Drivers/STM32L4xx_HAL_Driver/Src/stm32l4xx_hal_gpio.o
 .debug_ranges  0x00000000000006f0      0x138 ./Drivers/STM32L4xx_HAL_Driver/Src/stm32l4xx_hal_pwr_ex.o
 .debug_ranges  0x0000000000000828       0x80 ./Drivers/STM32L4xx_HAL_Driver/Src/stm32l4xx_hal_rcc.o
 .debug_ranges  0x00000000000008a8       0xc0 ./Drivers/STM32L4xx_HAL_Driver/Src/stm32l4xx_hal_rcc_ex.o
 .debug_ranges  0x0000000000000968      0x1c8 ./Drivers/STM32L4xx_HAL_Driver/Src/stm32l4xx_hal_spi.o
 .debug_ranges  0x0000000000000b30      0x3d0 ./Drivers/STM32L4xx_HAL_Driver/Src/stm32l4xx_hal_tim.o
 .debug_ranges  0x0000000000000f00      0x170 ./Drivers/STM32L4xx_HAL_Driver/Src/stm32l4xx_hal_tim_ex.o
 .debug_ranges  0x0000000000001070      0x248 ./Drivers/STM32L4xx_HAL_Driver/Src/stm32l4xx_hal_uart.o

.debug_macro    0x0000000000000000    0x1c5c6
 .debug_macro   0x0000000000000000       0x8e ./Core/Src/bmi08a.o
 .debug_macro   0x000000000000008e      0xa78 ./Core/Src/bmi08a.o
 .debug_macro   0x0000000000000b06       0x22 ./Core/Src/bmi08a.o
 .debug_macro   0x0000000000000b28       0x8e ./Core/Src/bmi08a.o
 .debug_macro   0x0000000000000bb6       0x51 ./Core/Src/bmi08a.o
 .debug_macro   0x0000000000000c07      0x103 ./Core/Src/bmi08a.o
 .debug_macro   0x0000000000000d0a       0x6a ./Core/Src/bmi08a.o
 .debug_macro   0x0000000000000d74      0x1df ./Core/Src/bmi08a.o
 .debug_macro   0x0000000000000f53      0x174 ./Core/Src/bmi08a.o
 .debug_macro   0x00000000000010c7       0x22 ./Core/Src/bmi08a.o
 .debug_macro   0x00000000000010e9      0x8fa ./Core/Src/bmi08a.o
 .debug_macro   0x00000000000019e3       0x8e ./Core/Src/bmi08g.o
 .debug_macro   0x0000000000001a71      0x408 ./Core/Src/main.o
 .debug_macro   0x0000000000001e79      0x1b3 ./Core/Src/main.o
 .debug_macro   0x000000000000202c       0x2e ./Core/Src/main.o
 .debug_macro   0x000000000000205a       0x28 ./Core/Src/main.o
 .debug_macro   0x0000000000002082       0x1c ./Core/Src/main.o
 .debug_macro   0x000000000000209e       0x22 ./Core/Src/main.o
 .debug_macro   0x00000000000020c0       0xfb ./Core/Src/main.o
 .debug_macro   0x00000000000021bb     0x1011 ./Core/Src/main.o
 .debug_macro   0x00000000000031cc      0x11f ./Core/Src/main.o
 .debug_macro   0x00000000000032eb     0xe4b1 ./Core/Src/main.o
 .debug_macro   0x000000000001179c       0x6d ./Core/Src/main.o
 .debug_macro   0x0000000000011809     0x38df ./Core/Src/main.o
 .debug_macro   0x00000000000150e8       0x5c ./Core/Src/main.o
 .debug_macro   0x0000000000015144     0x105e ./Core/Src/main.o
 .debug_macro   0x00000000000161a2      0x49b ./Core/Src/main.o
 .debug_macro   0x000000000001663d      0x1b9 ./Core/Src/main.o
 .debug_macro   0x00000000000167f6       0xd7 ./Core/Src/main.o
 .debug_macro   0x00000000000168cd      0x26b ./Core/Src/main.o
 .debug_macro   0x0000000000016b38      0x23d ./Core/Src/main.o
 .debug_macro   0x0000000000016d75      0x21c ./Core/Src/main.o
 .debug_macro   0x0000000000016f91      0x375 ./Core/Src/main.o
 .debug_macro   0x0000000000017306       0xd6 ./Core/Src/main.o
 .debug_macro   0x00000000000173dc      0x22c ./Core/Src/main.o
 .debug_macro   0x0000000000017608       0x61 ./Core/Src/main.o
 .debug_macro   0x0000000000017669       0xa5 ./Core/Src/main.o
 .debug_macro   0x000000000001770e      0x122 ./Core/Src/main.o
 .debug_macro   0x0000000000017830      0x364 ./Core/Src/main.o
 .debug_macro   0x0000000000017b94      0x2fe ./Core/Src/main.o
 .debug_macro   0x0000000000017e92      0xa91 ./Core/Src/main.o
 .debug_macro   0x0000000000018923      0x113 ./Core/Src/main.o
 .debug_macro   0x0000000000018a36      0x5ba ./Core/Src/main.o
 .debug_macro   0x0000000000018ff0       0x44 ./Core/Src/main.o
 .debug_macro   0x0000000000019034      0x220 ./Core/Src/main.o
 .debug_macro   0x0000000000019254       0xac ./Core/Src/main.o
 .debug_macro   0x0000000000019300       0x52 ./Core/Src/main.o
 .debug_macro   0x0000000000019352       0x1e ./Core/Src/main.o
 .debug_macro   0x0000000000019370       0x3c ./Core/Src/main.o
 .debug_macro   0x00000000000193ac       0x34 ./Core/Src/main.o
 .debug_macro   0x00000000000193e0       0x16 ./Core/Src/main.o
 .debug_macro   0x00000000000193f6       0x35 ./Core/Src/main.o
 .debug_macro   0x000000000001942b      0x341 ./Core/Src/main.o
 .debug_macro   0x000000000001976c       0x10 ./Core/Src/main.o
 .debug_macro   0x000000000001977c       0x16 ./Core/Src/main.o
 .debug_macro   0x0000000000019792       0x43 ./Core/Src/main.o
 .debug_macro   0x00000000000197d5       0x34 ./Core/Src/main.o
 .debug_macro   0x0000000000019809       0x10 ./Core/Src/main.o
 .debug_macro   0x0000000000019819       0x58 ./Core/Src/main.o
 .debug_macro   0x0000000000019871       0x71 ./Core/Src/main.o
 .debug_macro   0x00000000000198e2       0x1c ./Core/Src/main.o
 .debug_macro   0x00000000000198fe      0x12a ./Core/Src/main.o
 .debug_macro   0x0000000000019a28       0x10 ./Core/Src/main.o
 .debug_macro   0x0000000000019a38       0x1c ./Core/Src/main.o
 .debug_macro   0x0000000000019a54       0x52 ./Core/Src/main.o
 .debug_macro   0x0000000000019aa6       0x22 ./Core/Src/main.o
 .debug_macro   0x0000000000019ac8       0x10 ./Core/Src/main.o
 .debug_macro   0x0000000000019ad8       0x52 ./Core/Src/main.o
 .debug_macro   0x0000000000019b2a       0xd5 ./Core/Src/main.o
 .debug_macro   0x0000000000019bff       0x1c ./Core/Src/main.o
 .debug_macro   0x0000000000019c1b       0x3d ./Core/Src/main.o
 .debug_macro   0x0000000000019c58       0x16 ./Core/Src/main.o
 .debug_macro   0x0000000000019c6e      0x145 ./Core/Src/main.o
 .debug_macro   0x0000000000019db3       0x16 ./Core/Src/main.o
 .debug_macro   0x0000000000019dc9       0x16 ./Core/Src/main.o
 .debug_macro   0x0000000000019ddf       0x29 ./Core/Src/main.o
 .debug_macro   0x0000000000019e08       0x16 ./Core/Src/main.o
 .debug_macro   0x0000000000019e1e       0x20 ./Core/Src/main.o
 .debug_macro   0x0000000000019e3e      0x1fc ./Core/Src/stm32l4xx_hal_msp.o
 .debug_macro   0x000000000001a03a      0x206 ./Core/Src/stm32l4xx_it.o
 .debug_macro   0x000000000001a240      0x24c ./Core/Src/syscalls.o
 .debug_macro   0x000000000001a48c       0x4c ./Core/Src/syscalls.o
 .debug_macro   0x000000000001a4d8       0x94 ./Core/Src/syscalls.o
 .debug_macro   0x000000000001a56c       0x57 ./Core/Src/syscalls.o
 .debug_macro   0x000000000001a5c3       0x10 ./Core/Src/syscalls.o
 .debug_macro   0x000000000001a5d3       0x10 ./Core/Src/syscalls.o
 .debug_macro   0x000000000001a5e3       0x10 ./Core/Src/syscalls.o
 .debug_macro   0x000000000001a5f3       0x35 ./Core/Src/syscalls.o
 .debug_macro   0x000000000001a628      0x12c ./Core/Src/syscalls.o
 .debug_macro   0x000000000001a754       0x10 ./Core/Src/syscalls.o
 .debug_macro   0x000000000001a764      0x241 ./Core/Src/syscalls.o
 .debug_macro   0x000000000001a9a5       0x1c ./Core/Src/syscalls.o
 .debug_macro   0x000000000001a9c1       0x10 ./Core/Src/syscalls.o
 .debug_macro   0x000000000001a9d1      0x189 ./Core/Src/syscalls.o
 .debug_macro   0x000000000001ab5a       0x16 ./Core/Src/syscalls.o
 .debug_macro   0x000000000001ab70       0xce ./Core/Src/syscalls.o
 .debug_macro   0x000000000001ac3e       0xff ./Core/Src/sysmem.o
 .debug_macro   0x000000000001ad3d      0x23b ./Core/Src/sysmem.o
 .debug_macro   0x000000000001af78      0x1ed ./Core/Src/system_stm32l4xx.o
 .debug_macro   0x000000000001b165      0x235 ./Drivers/STM32L4xx_HAL_Driver/Src/stm32l4xx_hal.o
 .debug_macro   0x000000000001b39a      0x1ed ./Drivers/STM32L4xx_HAL_Driver/Src/stm32l4xx_hal_cortex.o
 .debug_macro   0x000000000001b587      0x1f4 ./Drivers/STM32L4xx_HAL_Driver/Src/stm32l4xx_hal_gpio.o
 .debug_macro   0x000000000001b77b      0x211 ./Drivers/STM32L4xx_HAL_Driver/Src/stm32l4xx_hal_pwr_ex.o
 .debug_macro   0x000000000001b98c      0x22f ./Drivers/STM32L4xx_HAL_Driver/Src/stm32l4xx_hal_rcc.o
 .debug_macro   0x000000000001bbbb      0x223 ./Drivers/STM32L4xx_HAL_Driver/Src/stm32l4xx_hal_rcc_ex.o
 .debug_macro   0x000000000001bdde      0x1f5 ./Drivers/STM32L4xx_HAL_Driver/Src/stm32l4xx_hal_spi.o
 .debug_macro   0x000000000001bfd3      0x1ee ./Drivers/STM32L4xx_HAL_Driver/Src/stm32l4xx_hal_tim.o
 .debug_macro   0x000000000001c1c1      0x1ed ./Drivers/STM32L4xx_HAL_Driver/Src/stm32l4xx_hal_tim_ex.o
 .debug_macro   0x000000000001c3ae      0x218 ./Drivers/STM32L4xx_HAL_Driver/Src/stm32l4xx_hal_uart.o

.debug_line     0x0000000000000000    0x14c3b
 .debug_line    0x0000000000000000     0x14f6 ./Core/Src/bmi08a.o
 .debug_line    0x00000000000014f6      0xc0a ./Core/Src/bmi08g.o
 .debug_line    0x0000000000002100      0xf2c ./Core/Src/main.o
 .debug_line    0x000000000000302c      0x80a ./Core/Src/stm32l4xx_hal_msp.o
 .debug_line    0x0000000000003836      0x7e9 ./Core/Src/stm32l4xx_it.o
 .debug_line    0x000000000000401f      0x7fe ./Core/Src/syscalls.o
 .debug_line    0x000000000000481d      0x4f4 ./Core/Src/sysmem.o
 .debug_line    0x0000000000004d11      0x7be ./Core/Src/system_stm32l4xx.o
 .debug_line    0x00000000000054cf       0x89 ./Core/Startup/startup_stm32l412rbtxp.o
 .debug_line    0x0000000000005558      0xa84 ./Drivers/STM32L4xx_HAL_Driver/Src/stm32l4xx_hal.o
 .debug_line    0x0000000000005fdc      0xcbd ./Drivers/STM32L4xx_HAL_Driver/Src/stm32l4xx_hal_cortex.o
 .debug_line    0x0000000000006c99      0xb21 ./Drivers/STM32L4xx_HAL_Driver/Src/stm32l4xx_hal_gpio.o
 .debug_line    0x00000000000077ba      0xc7f ./Drivers/STM32L4xx_HAL_Driver/Src/stm32l4xx_hal_pwr_ex.o
 .debug_line    0x0000000000008439     0x101b ./Drivers/STM32L4xx_HAL_Driver/Src/stm32l4xx_hal_rcc.o
 .debug_line    0x0000000000009454      0xfd4 ./Drivers/STM32L4xx_HAL_Driver/Src/stm32l4xx_hal_rcc_ex.o
 .debug_line    0x000000000000a428     0x1f50 ./Drivers/STM32L4xx_HAL_Driver/Src/stm32l4xx_hal_spi.o
 .debug_line    0x000000000000c378     0x3b53 ./Drivers/STM32L4xx_HAL_Driver/Src/stm32l4xx_hal_tim.o
 .debug_line    0x000000000000fecb     0x1b24 ./Drivers/STM32L4xx_HAL_Driver/Src/stm32l4xx_hal_tim_ex.o
 .debug_line    0x00000000000119ef     0x324c ./Drivers/STM32L4xx_HAL_Driver/Src/stm32l4xx_hal_uart.o

.debug_str      0x0000000000000000    0xb2ba1
 .debug_str     0x0000000000000000     0x7ccd ./Core/Src/bmi08a.o