../Core/Src/main.c:218:1:__io_putchar	16	static
../Core/Src/main.c:234:15:init_bmi08x_get_data	16	static
../Core/Src/main.c:294:15:init_bmi08x_sync	16	static
../Core/Src/main.c:374:15:enable_bmi08x_interrupt	16	static
../Core/Src/main.c:421:15:disable_bmi08x_interrupt	16	static
../Core/Src/main.c:461:15:enable_bmi08x_data_synchronization_interrupt	16	static
../Core/Src/main.c:514:15:disable_bmi08x_data_synchronization_interrupt	16	static
../Core/Src/main.c:598:5:main	24	static
../Core/Src/main.c:684:6:SystemClock_Config	96	static
../Core/Src/main.c:734:13:MX_SPI1_Init	8	static
../Core/Src/main.c:774:13:MX_TIM2_Init	40	static
../Core/Src/main.c:819:13:MX_USART2_UART_Init	8	static
../Core/Src/main.c:854:13:MX_GPIO_Init	48	static
../Core/Src/main.c:910:22:bmi08x_spi_read	32	static
../Core/Src/main.c:928:22:bmi08x_spi_write	32	static
../Core/Src/main.c:945:6:bmi08x_delay_us	16	static
../Core/Src/main.c:956:8:bmi08x_interface_init	24	static
../Core/Src/main.c:1055:6:bmi08x_error_codes_print_result	16	static
../Core/Src/main.c:1091:6:Error_Handler	4	static,ignoring_inline_asm
