../Core/Src/main.c:406:1:__io_putchar	16	static
../Core/Src/main.c:423:15:init_bmi08x	16	static
../Core/Src/main.c:483:15:enable_bmi08x_interrupt	16	static
../Core/Src/main.c:530:15:disable_bmi08x_interrupt	16	static
../Core/Src/main.c:569:21:ABSF	16	static
../Core/Src/main.c:573:12:iis2mdc_flush_samples	32	static
../Core/Src/main.c:588:12:test_self_test_iis2mdc	104	static
../Core/Src/main.c:693:12:mag_init_routine	16	static
../Core/Src/main.c:738:5:main	248	static
../Core/Src/main.c:1062:6:SystemClock_Config	96	static
../Core/Src/main.c:1114:13:MX_I2C1_Init	8	static
../Core/Src/main.c:1162:13:MX_I2C2_Init	8	static
../Core/Src/main.c:1210:13:MX_I2C3_Init	8	static
../Core/Src/main.c:1258:13:MX_SPI1_Init	8	static
../Core/Src/main.c:1298:13:MX_TIM2_Init	40	static
../Core/Src/main.c:1343:13:MX_TIM15_Init	40	static
../Core/Src/main.c:1389:13:MX_USART1_UART_Init	8	static
../Core/Src/main.c:1424:13:MX_USART2_UART_Init	8	static
../Core/Src/main.c:1459:13:MX_USART3_UART_Init	8	static
../Core/Src/main.c:1492:13:MX_DMA_Init	16	static
../Core/Src/main.c:1532:13:MX_GPIO_Init	48	static
../Core/Src/main.c:1587:12:packet_transmit	16	static
../Core/Src/main.c:1611:6:HAL_SPI_RxCpltCallback	16	static
../Core/Src/main.c:1615:6:HAL_SPI_TxCpltCallback	16	static
../Core/Src/main.c:1618:6:HAL_SPI_TxRxCpltCallback	16	static
../Core/Src/main.c:1626:6:HAL_TIM_PeriodElapsedCallback	16	static
../Core/Src/main.c:1641:14:lsb_to_mps2	32	static
../Core/Src/main.c:1654:14:lsb_to_dps	32	static
../Core/Src/main.c:1664:22:bmi08x_spi_read	32	static
../Core/Src/main.c:1683:22:bmi08x_spi_write	32	static
../Core/Src/main.c:1703:6:bmi08x_delay_us	16	static
../Core/Src/main.c:1714:8:bmi08x_interface_init	24	static
../Core/Src/main.c:1775:6:bmi08x_error_codes_print_result	16	static
../Core/Src/main.c:1810:16:platform_write	40	static
../Core/Src/main.c:1828:16:platform_read	40	static
../Core/Src/main.c:1837:13:tx_com	16	static
../Core/Src/main.c:1843:13:platform_delay	16	static
../Core/Src/main.c:1851:6:HAL_UART_RxCpltCallback	16	static
../Core/Src/main.c:1856:6:get_location	32	static
../Core/Src/main.c:1888:6:Format_data	144	static
../Core/Src/main.c:1901:6:DPMeasurement	40	static
../Core/Src/main.c:1933:6:HAL_GPIO_EXTI_Callback	16	static
../Core/Src/main.c:1957:6:Error_Handler	4	static,ignoring_inline_asm
